0 verbose cli /usr/local/bin/node /usr/local/bin/npm
1 info using npm@9.8.1
2 info using node@v18.18.2
3 timing npm:load:whichnode Completed in 0ms
4 timing config:load:defaults Completed in 1ms
5 timing config:load:file:/usr/local/lib/node_modules/npm/npmrc Completed in 2ms
6 timing config:load:builtin Completed in 2ms
7 timing config:load:cli Completed in 3ms
8 timing config:load:env Completed in 0ms
9 timing config:load:file:/Users/chengfang/Downloads/make money/shopping/.npmrc Completed in 0ms
10 timing config:load:project Completed in 3ms
11 timing config:load:file:/Users/chengfang/.npmrc Completed in 0ms
12 timing config:load:user Completed in 0ms
13 timing config:load:file:/usr/local/etc/npmrc Completed in 0ms
14 timing config:load:global Completed in 0ms
15 timing config:load:setEnvs Completed in 1ms
16 timing config:load Completed in 10ms
17 timing npm:load:configload Completed in 10ms
18 timing config:load:flatten Completed in 2ms
19 timing npm:load:mkdirpcache Completed in 0ms
20 timing npm:load:mkdirplogs Completed in 0ms
21 verbose title npm install lucide-react prisma@5 @prisma/client@5 @supabase/supabase-js ethers next-auth bcryptjs clsx tailwind-merge
22 verbose argv "install" "--cache" "./.npm-cache" "lucide-react" "prisma@5" "@prisma/client@5" "@supabase/supabase-js" "ethers" "next-auth" "bcryptjs" "clsx" "tailwind-merge"
23 timing npm:load:setTitle Completed in 8ms
24 timing npm:load:display Completed in 1ms
25 verbose logfile logs-max:10 dir:/Users/chengfang/Downloads/make money/shopping/.npm-cache/_logs/2026-01-19T22_02_44_814Z-
26 verbose logfile /Users/chengfang/Downloads/make money/shopping/.npm-cache/_logs/2026-01-19T22_02_44_814Z-debug-0.log
27 timing npm:load:logFile Completed in 4ms
28 timing npm:load:timers Completed in 0ms
29 timing npm:load:configScope Completed in 0ms
30 timing npm:load Completed in 33ms
31 timing arborist:ctor Completed in 0ms
32 timing idealTree:init Completed in 150ms
33 timing idealTree:userRequests Completed in 4ms
34 silly idealTree buildDeps
35 silly fetch manifest lucide-react@*
36 silly logfile done cleaning log files
37 timing arborist:ctor Completed in 0ms
38 http fetch GET 200 https://registry.npmjs.org/lucide-react 93ms (cache hit)
39 silly fetch manifest react@19.2.3
40 http fetch GET 200 https://registry.npmjs.org/react 7ms (cache hit)
41 silly fetch manifest prisma@5
42 http fetch GET 200 https://registry.npmjs.org/prisma 32ms (cache hit)
43 silly fetch manifest @prisma/client@5
44 http fetch GET 200 https://registry.npmjs.org/@prisma%2fclient 58ms (cache hit)
45 silly fetch manifest @supabase/supabase-js@*
46 http fetch GET 200 https://registry.npmjs.org/@supabase%2fsupabase-js 4ms (cache hit)
47 silly fetch manifest ethers@*
48 http fetch GET 200 https://registry.npmjs.org/ethers 3ms (cache hit)
49 silly fetch manifest next-auth@*
50 http fetch GET 200 https://registry.npmjs.org/next-auth 4ms (cache hit)
51 silly fetch manifest @auth/core@0.34.3
52 http fetch GET 200 https://registry.npmjs.org/@auth%2fcore 3ms (cache hit)
53 silly fetch manifest @simplewebauthn/browser@^9.0.1
54 http fetch GET 200 https://registry.npmjs.org/@simplewebauthn%2fbrowser 2ms (cache hit)
55 silly fetch manifest @simplewebauthn/server@^9.0.2
56 http fetch GET 200 https://registry.npmjs.org/@simplewebauthn%2fserver 3ms (cache hit)
57 silly fetch manifest nodemailer@^7
58 http fetch GET 200 https://registry.npmjs.org/nodemailer 2ms (cache hit)
59 silly fetch manifest next@16.1.3
60 http fetch GET 200 https://registry.npmjs.org/next 28ms (cache hit)
61 silly fetch manifest @opentelemetry/api@^1.1.0
62 http fetch GET 200 https://registry.npmjs.org/@opentelemetry%2fapi 3ms (cache hit)
63 silly fetch manifest @playwright/test@^1.51.1
64 http fetch GET 200 https://registry.npmjs.org/@playwright%2ftest 8ms (cache hit)
65 silly fetch manifest babel-plugin-react-compiler@*
66 http fetch GET 200 https://registry.npmjs.org/babel-plugin-react-compiler 7ms (cache hit)
67 silly fetch manifest react-dom@19.2.3
68 http fetch GET 200 https://registry.npmjs.org/react-dom 6ms (cache hit)
69 silly fetch manifest sass@^1.3.0
70 http fetch GET 200 https://registry.npmjs.org/sass 10ms (cache hit)
71 silly fetch manifest bcryptjs@*
72 http fetch GET 200 https://registry.npmjs.org/bcryptjs 8ms (cache hit)
73 silly fetch manifest clsx@*
74 http fetch GET 200 https://registry.npmjs.org/clsx 3ms (cache hit)
75 silly fetch manifest tailwind-merge@*
76 http fetch GET 200 https://registry.npmjs.org/tailwind-merge 4ms (cache hit)
77 silly placeDep ROOT @prisma/client@5.22.0 OK for: shopping@0.1.0 want: 5
78 silly placeDep ROOT @supabase/supabase-js@2.90.1 OK for: shopping@0.1.0 want: *
79 silly fetch manifest @supabase/auth-js@2.90.1
80 silly fetch manifest @supabase/storage-js@2.90.1
81 silly fetch manifest @supabase/realtime-js@2.90.1
82 silly fetch manifest @supabase/functions-js@2.90.1
83 silly fetch manifest @supabase/postgrest-js@2.90.1
84 silly placeDep ROOT bcryptjs@3.0.3 OK for: shopping@0.1.0 want: *
85 silly placeDep ROOT clsx@2.1.1 OK for: shopping@0.1.0 want: *
86 silly placeDep ROOT ethers@6.16.0 OK for: shopping@0.1.0 want: *
87 silly fetch manifest ws@8.17.1
88 silly fetch manifest tslib@2.7.0
89 silly fetch manifest aes-js@4.0.0-beta.5
90 silly fetch manifest @types/node@22.7.5
91 silly fetch manifest @noble/curves@1.2.0
92 silly fetch manifest @noble/hashes@1.3.2
93 silly fetch manifest @adraffy/ens-normalize@1.10.1
94 silly placeDep ROOT lucide-react@0.562.0 OK for: shopping@0.1.0 want: *
95 silly placeDep ROOT next-auth@4.24.13 OK for: shopping@0.1.0 want: *
96 silly fetch manifest @babel/runtime@^7.20.13
97 silly fetch manifest @panva/hkdf@^1.0.2
98 silly fetch manifest cookie@^0.7.0
99 silly fetch manifest jose@^4.15.5
100 silly fetch manifest oauth@^0.9.15
101 silly fetch manifest openid-client@^5.4.0
102 silly fetch manifest preact@^10.6.3
103 silly fetch manifest preact-render-to-string@^5.1.19
104 silly fetch manifest uuid@^8.3.2
105 silly placeDep ROOT prisma@5.22.0 OK for: shopping@0.1.0 want: 5
106 silly fetch manifest @prisma/engines@5.22.0
107 silly fetch manifest fsevents@2.3.3
108 silly placeDep ROOT tailwind-merge@3.4.0 OK for: shopping@0.1.0 want: *
109 http fetch GET 200 https://registry.npmjs.org/@supabase%2fauth-js 66ms (cache hit)
110 http fetch GET 200 https://registry.npmjs.org/@supabase%2frealtime-js 67ms (cache hit)
111 http fetch GET 200 https://registry.npmjs.org/ws 64ms (cache hit)
112 http fetch GET 200 https://registry.npmjs.org/@noble%2fhashes 62ms (cache hit)
113 http fetch GET 200 https://registry.npmjs.org/@supabase%2ffunctions-js 69ms (cache hit)
114 http fetch GET 200 https://registry.npmjs.org/@types%2fnode 65ms (cache hit)
115 http fetch GET 200 https://registry.npmjs.org/oauth 70ms (cache hit)
116 http fetch GET 200 https://registry.npmjs.org/@babel%2fruntime 73ms (cache hit)
117 http fetch GET 200 https://registry.npmjs.org/openid-client 72ms (cache hit)
118 http fetch GET 200 https://registry.npmjs.org/@supabase%2fpostgrest-js 89ms (cache hit)
119 http fetch GET 200 https://registry.npmjs.org/preact-render-to-string 78ms (cache hit)
120 http fetch GET 200 https://registry.npmjs.org/uuid 80ms (cache hit)
121 http fetch GET 200 https://registry.npmjs.org/@noble%2fcurves 92ms (cache hit)
122 http fetch GET 200 https://registry.npmjs.org/@supabase%2fstorage-js 103ms (cache hit)
123 http fetch GET 200 https://registry.npmjs.org/cookie 90ms (cache hit)
124 http fetch GET 200 https://registry.npmjs.org/jose 92ms (cache hit)
125 http fetch GET 200 https://registry.npmjs.org/@panva%2fhkdf 96ms (cache hit)
126 http fetch GET 200 https://registry.npmjs.org/aes-js 107ms (cache hit)
127 http fetch GET 200 https://registry.npmjs.org/preact 102ms (cache hit)
128 http fetch GET 200 https://registry.npmjs.org/@adraffy%2fens-normalize 120ms (cache hit)
129 http fetch GET 200 https://registry.npmjs.org/tslib 123ms (cache hit)
130 http fetch GET 200 https://registry.npmjs.org/@prisma%2fengines 121ms (cache hit)
131 http fetch GET 200 https://registry.npmjs.org/fsevents 209ms (cache miss)
132 timing idealTree:#root Completed in 1186ms
133 timing idealTree:node_modules/@prisma/client Completed in 0ms
134 silly placeDep ROOT @supabase/auth-js@2.90.1 OK for: @supabase/supabase-js@2.90.1 want: 2.90.1
135 silly placeDep ROOT @supabase/functions-js@2.90.1 OK for: @supabase/supabase-js@2.90.1 want: 2.90.1
136 silly placeDep ROOT @supabase/postgrest-js@2.90.1 OK for: @supabase/supabase-js@2.90.1 want: 2.90.1
137 silly placeDep ROOT @supabase/realtime-js@2.90.1 OK for: @supabase/supabase-js@2.90.1 want: 2.90.1
138 silly fetch manifest ws@^8.18.2
139 silly fetch manifest @types/ws@^8.18.1
140 silly fetch manifest @types/phoenix@^1.6.6
141 silly placeDep ROOT @supabase/storage-js@2.90.1 OK for: @supabase/supabase-js@2.90.1 want: 2.90.1
142 silly fetch manifest iceberg-js@^0.8.1
143 http fetch GET 200 https://registry.npmjs.org/@types%2fphoenix 10ms (cache hit)
144 http fetch GET 200 https://registry.npmjs.org/iceberg-js 11ms (cache hit)
145 http fetch GET 200 https://registry.npmjs.org/@types%2fws 12ms (cache hit)
146 timing idealTree:node_modules/@supabase/supabase-js Completed in 15ms
147 timing idealTree:node_modules/@supabase/auth-js Completed in 0ms
148 timing idealTree:node_modules/@supabase/functions-js Completed in 0ms
149 timing idealTree:node_modules/@supabase/postgrest-js Completed in 0ms
150 silly fetch manifest bufferutil@^4.0.1
151 http fetch GET 200 https://registry.npmjs.org/bufferutil 1ms (cache hit)
152 silly fetch manifest utf-8-validate@>=5.0.2
153 http fetch GET 200 https://registry.npmjs.org/utf-8-validate 1ms (cache hit)
154 silly placeDep ROOT @types/phoenix@1.6.7 OK for: @supabase/realtime-js@2.90.1 want: ^1.6.6
155 silly placeDep ROOT @types/ws@8.18.1 OK for: @supabase/realtime-js@2.90.1 want: ^8.18.1
156 silly placeDep ROOT ws@8.19.0 OK for: @supabase/realtime-js@2.90.1 want: ^8.18.2
157 timing idealTree:node_modules/@supabase/realtime-js Completed in 6ms
158 silly placeDep ROOT iceberg-js@0.8.1 OK for: @supabase/storage-js@2.90.1 want: ^0.8.1
159 timing idealTree:node_modules/@supabase/storage-js Completed in 1ms
160 timing idealTree:node_modules/@tailwindcss/oxide-wasm32-wasi Completed in 0ms
161 timing idealTree:node_modules/@types/phoenix Completed in 0ms
162 timing idealTree:node_modules/@types/ws Completed in 0ms
163 timing idealTree:node_modules/bcryptjs Completed in 0ms
164 timing idealTree:node_modules/clsx Completed in 0ms
165 silly placeDep ROOT @adraffy/ens-normalize@1.10.1 OK for: ethers@6.16.0 want: 1.10.1
166 silly placeDep ROOT @noble/curves@1.2.0 OK for: ethers@6.16.0 want: 1.2.0
167 silly placeDep ROOT @noble/hashes@1.3.2 OK for: ethers@6.16.0 want: 1.3.2
168 silly placeDep node_modules/ethers @types/node@22.7.5 OK for: ethers@6.16.0 want: 22.7.5
169 silly fetch manifest undici-types@~6.19.2
170 silly placeDep ROOT aes-js@4.0.0-beta.5 OK for: ethers@6.16.0 want: 4.0.0-beta.5
171 silly placeDep node_modules/ethers tslib@2.7.0 OK for: ethers@6.16.0 want: 2.7.0
172 silly placeDep node_modules/ethers ws@8.17.1 OK for: ethers@6.16.0 want: 8.17.1
173 http fetch GET 200 https://registry.npmjs.org/undici-types 2ms (cache hit)
174 timing idealTree:node_modules/ethers Completed in 6ms
175 timing idealTree:node_modules/@adraffy/ens-normalize Completed in 0ms
176 timing idealTree:node_modules/@noble/curves Completed in 0ms
177 timing idealTree:node_modules/@noble/hashes Completed in 0ms
178 timing idealTree:node_modules/aes-js Completed in 0ms
179 timing idealTree:node_modules/iceberg-js Completed in 0ms
180 timing idealTree:node_modules/lucide-react Completed in 0ms
181 silly placeDep ROOT @babel/runtime@7.28.6 OK for: next-auth@4.24.13 want: ^7.20.13
182 silly placeDep ROOT @panva/hkdf@1.2.1 OK for: next-auth@4.24.13 want: ^1.0.2
183 silly placeDep ROOT cookie@0.7.2 OK for: next-auth@4.24.13 want: ^0.7.0
184 silly placeDep ROOT jose@4.15.9 OK for: next-auth@4.24.13 want: ^4.15.5
185 silly placeDep ROOT oauth@0.9.15 OK for: next-auth@4.24.13 want: ^0.9.15
186 silly placeDep ROOT openid-client@5.7.1 OK for: next-auth@4.24.13 want: ^5.4.0
187 silly fetch manifest lru-cache@^6.0.0
188 silly fetch manifest object-hash@^2.2.0
189 silly fetch manifest oidc-token-hash@^5.0.3
190 silly placeDep ROOT preact@10.28.2 OK for: next-auth@4.24.13 want: ^10.6.3
191 silly placeDep ROOT preact-render-to-string@5.2.6 OK for: next-auth@4.24.13 want: ^5.1.19
192 silly fetch manifest pretty-format@^3.8.0
193 silly placeDep ROOT uuid@8.3.2 OK for: next-auth@4.24.13 want: ^8.3.2
194 http fetch GET 200 https://registry.npmjs.org/object-hash 4ms (cache hit)
195 http fetch GET 200 https://registry.npmjs.org/oidc-token-hash 5ms (cache hit)
196 http fetch GET 200 https://registry.npmjs.org/lru-cache 5ms (cache hit)
197 http fetch GET 200 https://registry.npmjs.org/pretty-format 6ms (cache hit)
198 timing idealTree:node_modules/next-auth Completed in 11ms
199 timing idealTree:node_modules/@babel/runtime Completed in 0ms
200 timing idealTree:node_modules/@panva/hkdf Completed in 0ms
201 timing idealTree:node_modules/cookie Completed in 0ms
202 timing idealTree:node_modules/jose Completed in 0ms
203 timing idealTree:node_modules/oauth Completed in 0ms
204 silly placeDep node_modules/openid-client lru-cache@6.0.0 OK for: openid-client@5.7.1 want: ^6.0.0
205 silly fetch manifest yallist@^4.0.0
206 silly placeDep ROOT object-hash@2.2.0 OK for: openid-client@5.7.1 want: ^2.2.0
207 silly placeDep ROOT oidc-token-hash@5.2.0 OK for: openid-client@5.7.1 want: ^5.0.3
208 http fetch GET 200 https://registry.npmjs.org/yallist 3ms (cache hit)
209 timing idealTree:node_modules/openid-client Completed in 5ms
210 timing idealTree:node_modules/object-hash Completed in 0ms
211 timing idealTree:node_modules/oidc-token-hash Completed in 0ms
212 timing idealTree:node_modules/preact Completed in 0ms
213 silly placeDep ROOT pretty-format@3.8.0 OK for: preact-render-to-string@5.2.6 want: ^3.8.0
214 timing idealTree:node_modules/preact-render-to-string Completed in 0ms
215 timing idealTree:node_modules/pretty-format Completed in 0ms
216 silly placeDep ROOT @prisma/engines@5.22.0 OK for: prisma@5.22.0 want: 5.22.0
217 silly fetch manifest @prisma/debug@5.22.0
218 silly fetch manifest @prisma/fetch-engine@5.22.0
219 silly fetch manifest @prisma/get-platform@5.22.0
220 silly fetch manifest @prisma/engines-version@5.22.0-44.605197351a3c8bdd595af2d2a9bc3025bca48ea2
221 silly placeDep ROOT fsevents@2.3.3 OK for: prisma@5.22.0 want: 2.3.3
222 http fetch GET 200 https://registry.npmjs.org/@prisma%2fengines-version 13ms (cache hit)
223 http fetch GET 200 https://registry.npmjs.org/@prisma%2fget-platform 52ms (cache hit)
224 http fetch GET 200 https://registry.npmjs.org/@prisma%2fdebug 154ms (cache hit)
225 http fetch GET 200 https://registry.npmjs.org/@prisma%2ffetch-engine 211ms (cache hit)
226 timing idealTree:node_modules/prisma Completed in 285ms
227 silly placeDep ROOT @prisma/debug@5.22.0 OK for: @prisma/engines@5.22.0 want: 5.22.0
228 silly placeDep ROOT @prisma/engines-version@5.22.0-44.605197351a3c8bdd595af2d2a9bc3025bca48ea2 OK for: @prisma/engines@5.22.0 want: 5.22.0-44.605197351a3c8bdd595af2d2a9bc3025bca48ea2
229 silly placeDep ROOT @prisma/fetch-engine@5.22.0 OK for: @prisma/engines@5.22.0 want: 5.22.0
230 silly placeDep ROOT @prisma/get-platform@5.22.0 OK for: @prisma/engines@5.22.0 want: 5.22.0
231 timing idealTree:node_modules/@prisma/engines Completed in 2ms
232 timing idealTree:node_modules/@prisma/debug Completed in 0ms
233 timing idealTree:node_modules/@prisma/engines-version Completed in 0ms
234 timing idealTree:node_modules/@prisma/fetch-engine Completed in 0ms
235 timing idealTree:node_modules/@prisma/get-platform Completed in 0ms
236 timing idealTree:node_modules/fsevents Completed in 0ms
237 timing idealTree:node_modules/tailwind-merge Completed in 0ms
238 timing idealTree:node_modules/uuid Completed in 0ms
239 timing idealTree:node_modules/ws Completed in 0ms
240 silly placeDep node_modules/ethers undici-types@6.19.8 OK for: @types/node@22.7.5 want: ~6.19.2
241 timing idealTree:node_modules/ethers/node_modules/@types/node Completed in 0ms
242 timing idealTree:node_modules/ethers/node_modules/tslib Completed in 0ms
243 timing idealTree:node_modules/ethers/node_modules/undici-types Completed in 0ms
244 timing idealTree:node_modules/ethers/node_modules/ws Completed in 0ms
245 silly placeDep node_modules/openid-client yallist@4.0.0 OK for: lru-cache@6.0.0 want: ^4.0.0
246 timing idealTree:node_modules/openid-client/node_modules/lru-cache Completed in 1ms
247 timing idealTree:node_modules/openid-client/node_modules/yallist Completed in 0ms
248 timing idealTree:buildDeps Completed in 1520ms
249 timing idealTree:fixDepFlags Completed in 2ms
250 warn EBADENGINE Unsupported engine {
250 warn EBADENGINE   package: 'next@16.1.3',
250 warn EBADENGINE   required: { node: '>=20.9.0' },
250 warn EBADENGINE   current: { node: 'v18.18.2', npm: '9.8.1' }
250 warn EBADENGINE }
251 warn EBADENGINE Unsupported engine {
251 warn EBADENGINE   package: '@supabase/supabase-js@2.90.1',
251 warn EBADENGINE   required: { node: '>=20.0.0' },
251 warn EBADENGINE   current: { node: 'v18.18.2', npm: '9.8.1' }
251 warn EBADENGINE }
252 warn EBADENGINE Unsupported engine {
252 warn EBADENGINE   package: '@supabase/auth-js@2.90.1',
252 warn EBADENGINE   required: { node: '>=20.0.0' },
252 warn EBADENGINE   current: { node: 'v18.18.2', npm: '9.8.1' }
252 warn EBADENGINE }
253 warn EBADENGINE Unsupported engine {
253 warn EBADENGINE   package: '@supabase/functions-js@2.90.1',
253 warn EBADENGINE   required: { node: '>=20.0.0' },
253 warn EBADENGINE   current: { node: 'v18.18.2', npm: '9.8.1' }
253 warn EBADENGINE }
254 warn EBADENGINE Unsupported engine {
254 warn EBADENGINE   package: '@supabase/postgrest-js@2.90.1',
254 warn EBADENGINE   required: { node: '>=20.0.0' },
254 warn EBADENGINE   current: { node: 'v18.18.2', npm: '9.8.1' }
254 warn EBADENGINE }
255 warn EBADENGINE Unsupported engine {
255 warn EBADENGINE   package: '@supabase/realtime-js@2.90.1',
255 warn EBADENGINE   required: { node: '>=20.0.0' },
255 warn EBADENGINE   current: { node: 'v18.18.2', npm: '9.8.1' }
255 warn EBADENGINE }
256 warn EBADENGINE Unsupported engine {
256 warn EBADENGINE   package: '@supabase/storage-js@2.90.1',
256 warn EBADENGINE   required: { node: '>=20.0.0' },
256 warn EBADENGINE   current: { node: 'v18.18.2', npm: '9.8.1' }
256 warn EBADENGINE }
257 warn EBADENGINE Unsupported engine {
257 warn EBADENGINE   package: 'iceberg-js@0.8.1',
257 warn EBADENGINE   required: { node: '>=20.0.0' },
257 warn EBADENGINE   current: { node: 'v18.18.2', npm: '9.8.1' }
257 warn EBADENGINE }
258 timing idealTree Completed in 1684ms
259 timing reify:loadTrees Completed in 1685ms
260 timing reify:diffTrees Completed in 6ms
261 silly reify moves {}
262 timing reify:retireShallow Completed in 0ms
263 timing reify:createSparse Completed in 5ms
264 verbose reify failed optional dependency /Users/chengfang/Downloads/make money/shopping/node_modules/@tailwindcss/oxide-wasm32-wasi
265 silly reify mark deleted [
265 silly reify   '/Users/chengfang/Downloads/make money/shopping/node_modules/@tailwindcss/oxide-wasm32-wasi'
265 silly reify ]
266 timing reifyNode:node_modules/@tailwindcss/oxide-wasm32-wasi Completed in 1ms
267 timing arborist:ctor Completed in 1ms
268 timing reify:diffTrees Completed in 1ms
269 timing reify:loadBundles Completed in 5ms
270 silly audit bulk request {
270 silly audit   '@alloc/quick-lru': [ '5.2.0' ],
270 silly audit   '@babel/code-frame': [ '7.28.6' ],
270 silly audit   '@babel/compat-data': [ '7.28.6' ],
270 silly audit   '@babel/core': [ '7.28.6' ],
270 silly audit   '@babel/generator': [ '7.28.6' ],
270 silly audit   '@babel/helper-compilation-targets': [ '7.28.6' ],
270 silly audit   '@babel/helper-globals': [ '7.28.0' ],
270 silly audit   '@babel/helper-module-imports': [ '7.28.6' ],
270 silly audit   '@babel/helper-module-transforms': [ '7.28.6' ],
270 silly audit   '@babel/helper-string-parser': [ '7.27.1' ],
270 silly audit   '@babel/helper-validator-identifier': [ '7.28.5' ],
270 silly audit   '@babel/helper-validator-option': [ '7.27.1' ],
270 silly audit   '@babel/helpers': [ '7.28.6' ],
270 silly audit   '@babel/parser': [ '7.28.6' ],
270 silly audit   '@babel/template': [ '7.28.6' ],
270 silly audit   '@babel/traverse': [ '7.28.6' ],
270 silly audit   '@babel/types': [ '7.28.6' ],
270 silly audit   '@emnapi/core': [ '1.8.1' ],
270 silly audit   '@emnapi/runtime': [ '1.8.1' ],
270 silly audit   '@emnapi/wasi-threads': [ '1.1.0' ],
270 silly audit   '@eslint-community/eslint-utils': [ '4.9.1' ],
270 silly audit   'eslint-visitor-keys': [ '3.4.3', '4.2.1' ],
270 silly audit   '@eslint-community/regexpp': [ '4.12.2' ],
270 silly audit   '@eslint/config-array': [ '0.21.1' ],
270 silly audit   '@eslint/config-helpers': [ '0.4.2' ],
270 silly audit   '@eslint/core': [ '0.17.0' ],
270 silly audit   '@eslint/eslintrc': [ '3.3.3' ],
270 silly audit   '@eslint/js': [ '9.39.2' ],
270 silly audit   '@eslint/object-schema': [ '2.1.7' ],
270 silly audit   '@eslint/plugin-kit': [ '0.4.1' ],
270 silly audit   '@humanfs/core': [ '0.19.1' ],
270 silly audit   '@humanfs/node': [ '0.16.7' ],
270 silly audit   '@humanwhocodes/module-importer': [ '1.0.1' ],
270 silly audit   '@humanwhocodes/retry': [ '0.4.3' ],
270 silly audit   '@img/colour': [ '1.0.0' ],
270 silly audit   '@img/sharp-darwin-arm64': [ '0.34.5' ],
270 silly audit   '@img/sharp-darwin-x64': [ '0.34.5' ],
270 silly audit   '@img/sharp-libvips-darwin-arm64': [ '1.2.4' ],
270 silly audit   '@img/sharp-libvips-darwin-x64': [ '1.2.4' ],
270 silly audit   '@img/sharp-libvips-linux-arm': [ '1.2.4' ],
270 silly audit   '@img/sharp-libvips-linux-arm64': [ '1.2.4' ],
270 silly audit   '@img/sharp-libvips-linux-ppc64': [ '1.2.4' ],
270 silly audit   '@img/sharp-libvips-linux-riscv64': [ '1.2.4' ],
270 silly audit   '@img/sharp-libvips-linux-s390x': [ '1.2.4' ],
270 silly audit   '@img/sharp-libvips-linux-x64': [ '1.2.4' ],
270 silly audit   '@img/sharp-libvips-linuxmusl-arm64': [ '1.2.4' ],
270 silly audit   '@img/sharp-libvips-linuxmusl-x64': [ '1.2.4' ],
270 silly audit   '@img/sharp-linux-arm': [ '0.34.5' ],
270 silly audit   '@img/sharp-linux-arm64': [ '0.34.5' ],
270 silly audit   '@img/sharp-linux-ppc64': [ '0.34.5' ],
270 silly audit   '@img/sharp-linux-riscv64': [ '0.34.5' ],
270 silly audit   '@img/sharp-linux-s390x': [ '0.34.5' ],
270 silly audit   '@img/sharp-linux-x64': [ '0.34.5' ],
270 silly audit   '@img/sharp-linuxmusl-arm64': [ '0.34.5' ],
270 silly audit   '@img/sharp-linuxmusl-x64': [ '0.34.5' ],
270 silly audit   '@img/sharp-wasm32': [ '0.34.5' ],
270 silly audit   '@img/sharp-win32-arm64': [ '0.34.5' ],
270 silly audit   '@img/sharp-win32-ia32': [ '0.34.5' ],
270 silly audit   '@img/sharp-win32-x64': [ '0.34.5' ],
270 silly audit   '@jridgewell/gen-mapping': [ '0.3.13' ],
270 silly audit   '@jridgewell/remapping': [ '2.3.5' ],
270 silly audit   '@jridgewell/resolve-uri': [ '3.1.2' ],
270 silly audit   '@jridgewell/sourcemap-codec': [ '1.5.5' ],
270 silly audit   '@jridgewell/trace-mapping': [ '0.3.31' ],
270 silly audit   '@napi-rs/wasm-runtime': [ '0.2.12' ],
270 silly audit   '@next/env': [ '16.1.3' ],
270 silly audit   '@next/eslint-plugin-next': [ '16.1.3' ],
270 silly audit   '@next/swc-darwin-arm64': [ '16.1.3' ],
270 silly audit   '@next/swc-darwin-x64': [ '16.1.3' ],
270 silly audit   '@next/swc-linux-arm64-gnu': [ '16.1.3' ],
270 silly audit   '@next/swc-linux-arm64-musl': [ '16.1.3' ],
270 silly audit   '@next/swc-linux-x64-gnu': [ '16.1.3' ],
270 silly audit   '@next/swc-linux-x64-musl': [ '16.1.3' ],
270 silly audit   '@next/swc-win32-arm64-msvc': [ '16.1.3' ],
270 silly audit   '@next/swc-win32-x64-msvc': [ '16.1.3' ],
270 silly audit   '@nodelib/fs.scandir': [ '2.1.5' ],
270 silly audit   '@nodelib/fs.stat': [ '2.0.5' ],
270 silly audit   '@nodelib/fs.walk': [ '1.2.8' ],
270 silly audit   '@nolyfill/is-core-module': [ '1.0.39' ],
270 silly audit   '@rtsao/scc': [ '1.1.0' ],
270 silly audit   '@swc/helpers': [ '0.5.15' ],
270 silly audit   '@tailwindcss/node': [ '4.1.18' ],
270 silly audit   '@tailwindcss/oxide': [ '4.1.18' ],
270 silly audit   '@tailwindcss/oxide-android-arm64': [ '4.1.18' ],
270 silly audit   '@tailwindcss/oxide-darwin-arm64': [ '4.1.18' ],
270 silly audit   '@tailwindcss/oxide-darwin-x64': [ '4.1.18' ],
270 silly audit   '@tailwindcss/oxide-freebsd-x64': [ '4.1.18' ],
270 silly audit   '@tailwindcss/oxide-linux-arm-gnueabihf': [ '4.1.18' ],
270 silly audit   '@tailwindcss/oxide-linux-arm64-gnu': [ '4.1.18' ],
270 silly audit   '@tailwindcss/oxide-linux-arm64-musl': [ '4.1.18' ],
270 silly audit   '@tailwindcss/oxide-linux-x64-gnu': [ '4.1.18' ],
270 silly audit   '@tailwindcss/oxide-linux-x64-musl': [ '4.1.18' ],
270 silly audit   '@tailwindcss/oxide-win32-arm64-msvc': [ '4.1.18' ],
270 silly audit   '@tailwindcss/oxide-win32-x64-msvc': [ '4.1.18' ],
270 silly audit   '@tailwindcss/postcss': [ '4.1.18' ],
270 silly audit   '@tybys/wasm-util': [ '0.10.1' ],
270 silly audit   '@types/estree': [ '1.0.8' ],
270 silly audit   '@types/json-schema': [ '7.0.15' ],
270 silly audit   '@types/json5': [ '0.0.29' ],
270 silly audit   '@types/node': [ '20.19.30', '22.7.5' ],
270 silly audit   '@types/react': [ '19.2.8' ],
270 silly audit   '@types/react-dom': [ '19.2.3' ],
270 silly audit   '@typescript-eslint/eslint-plugin': [ '8.53.1' ],
270 silly audit   ignore: [ '7.0.5', '5.3.2' ],
270 silly audit   '@typescript-eslint/parser': [ '8.53.1' ],
270 silly audit   '@typescript-eslint/project-service': [ '8.53.1' ],
270 silly audit   '@typescript-eslint/scope-manager': [ '8.53.1' ],
270 silly audit   '@typescript-eslint/tsconfig-utils': [ '8.53.1' ],
270 silly audit   '@typescript-eslint/type-utils': [ '8.53.1' ],
270 silly audit   '@typescript-eslint/types': [ '8.53.1' ],
270 silly audit   '@typescript-eslint/typescript-estree': [ '8.53.1' ],
270 silly audit   'brace-expansion': [ '2.0.2', '1.1.12' ],
270 silly audit   minimatch: [ '9.0.5', '3.1.2' ],
270 silly audit   semver: [ '7.7.3', '6.3.1' ],
270 silly audit   '@typescript-eslint/utils': [ '8.53.1' ],
270 silly audit   '@typescript-eslint/visitor-keys': [ '8.53.1' ],
270 silly audit   '@unrs/resolver-binding-android-arm-eabi': [ '1.11.1' ],
270 silly audit   '@unrs/resolver-binding-android-arm64': [ '1.11.1' ],
270 silly audit   '@unrs/resolver-binding-darwin-arm64': [ '1.11.1' ],
270 silly audit   '@unrs/resolver-binding-darwin-x64': [ '1.11.1' ],
270 silly audit   '@unrs/resolver-binding-freebsd-x64': [ '1.11.1' ],
270 silly audit   '@unrs/resolver-binding-linux-arm-gnueabihf': [ '1.11.1' ],
270 silly audit   '@unrs/resolver-binding-linux-arm-musleabihf': [ '1.11.1' ],
270 silly audit   '@unrs/resolver-binding-linux-arm64-gnu': [ '1.11.1' ],
270 silly audit   '@unrs/resolver-binding-linux-arm64-musl': [ '1.11.1' ],
270 silly audit   '@unrs/resolver-binding-linux-ppc64-gnu': [ '1.11.1' ],
270 silly audit   '@unrs/resolver-binding-linux-riscv64-gnu': [ '1.11.1' ],
270 silly audit   '@unrs/resolver-binding-linux-riscv64-musl': [ '1.11.1' ],
270 silly audit   '@unrs/resolver-binding-linux-s390x-gnu': [ '1.11.1' ],
270 silly audit   '@unrs/resolver-binding-linux-x64-gnu': [ '1.11.1' ],
270 silly audit   '@unrs/resolver-binding-linux-x64-musl': [ '1.11.1' ],
270 silly audit   '@unrs/resolver-binding-wasm32-wasi': [ '1.11.1' ],
270 silly audit   '@unrs/resolver-binding-win32-arm64-msvc': [ '1.11.1' ],
270 silly audit   '@unrs/resolver-binding-win32-ia32-msvc': [ '1.11.1' ],
270 silly audit   '@unrs/resolver-binding-win32-x64-msvc': [ '1.11.1' ],
270 silly audit   acorn: [ '8.15.0' ],
270 silly audit   'acorn-jsx': [ '5.3.2' ],
270 silly audit   ajv: [ '6.12.6' ],
270 silly audit   'ansi-styles': [ '4.3.0' ],
270 silly audit   argparse: [ '2.0.1' ],
270 silly audit   'aria-query': [ '5.3.2' ],
270 silly audit   'array-buffer-byte-length': [ '1.0.2' ],
270 silly audit   'array-includes': [ '3.1.9' ],
270 silly audit   'array.prototype.findlast': [ '1.2.5' ],
270 silly audit   'array.prototype.findlastindex': [ '1.2.6' ],
270 silly audit   'array.prototype.flat': [ '1.3.3' ],
270 silly audit   'array.prototype.flatmap': [ '1.3.3' ],
270 silly audit   'array.prototype.tosorted': [ '1.1.4' ],
270 silly audit   'arraybuffer.prototype.slice': [ '1.0.4' ],
270 silly audit   'ast-types-flow': [ '0.0.8' ],
270 silly audit   'async-function': [ '1.0.0' ],
270 silly audit   'available-typed-arrays': [ '1.0.7' ],
270 silly audit   'axe-core': [ '4.11.1' ],
270 silly audit   'axobject-query': [ '4.1.0' ],
270 silly audit   'balanced-match': [ '1.0.2' ],
270 silly audit   'baseline-browser-mapping': [ '2.9.15' ],
270 silly audit   braces: [ '3.0.3' ],
270 silly audit   browserslist: [ '4.28.1' ],
270 silly audit   'call-bind': [ '1.0.8' ],
270 silly audit   'call-bind-apply-helpers': [ '1.0.2' ],
270 silly audit   'call-bound': [ '1.0.4' ],
270 silly audit   callsites: [ '3.1.0' ],
270 silly audit   'caniuse-lite': [ '1.0.30001765' ],
270 silly audit   chalk: [ '4.1.2' ],
270 silly audit   'client-only': [ '0.0.1' ],
270 silly audit   'color-convert': [ '2.0.1' ],
270 silly audit   'color-name': [ '1.1.4' ],
270 silly audit   'concat-map': [ '0.0.1' ],
270 silly audit   'convert-source-map': [ '2.0.0' ],
270 silly audit   'cross-spawn': [ '7.0.6' ],
270 silly audit   csstype: [ '3.2.3' ],
270 silly audit   'damerau-levenshtein': [ '1.0.8' ],
270 silly audit   'data-view-buffer': [ '1.0.2' ],
270 silly audit   'data-view-byte-length': [ '1.0.2' ],
270 silly audit   'data-view-byte-offset': [ '1.0.1' ],
270 silly audit   debug: [ '4.4.3', '3.2.7' ],
270 silly audit   'deep-is': [ '0.1.4' ],
270 silly audit   'define-data-property': [ '1.1.4' ],
270 silly audit   'define-properties': [ '1.2.1' ],
270 silly audit   'detect-libc': [ '2.1.2' ],
270 silly audit   doctrine: [ '2.1.0' ],
270 silly audit   'dunder-proto': [ '1.0.1' ],
270 silly audit   'electron-to-chromium': [ '1.5.267' ],
270 silly audit   'emoji-regex': [ '9.2.2' ],
270 silly audit   'enhanced-resolve': [ '5.18.4' ],
270 silly audit   'es-abstract': [ '1.24.1' ],
270 silly audit   'es-define-property': [ '1.0.1' ],
270 silly audit   'es-errors': [ '1.3.0' ],
270 silly audit   'es-iterator-helpers': [ '1.2.2' ],
270 silly audit   'es-object-atoms': [ '1.1.1' ],
270 silly audit   'es-set-tostringtag': [ '2.1.0' ],
270 silly audit   'es-shim-unscopables': [ '1.1.0' ],
270 silly audit   'es-to-primitive': [ '1.3.0' ],
270 silly audit   escalade: [ '3.2.0' ],
270 silly audit   'escape-string-regexp': [ '4.0.0' ],
270 silly audit   eslint: [ '9.39.2' ],
270 silly audit   'eslint-config-next': [ '16.1.3' ],
270 silly audit   globals: [ '16.4.0', '14.0.0' ],
270 silly audit   'eslint-import-resolver-node': [ '0.3.9' ],
270 silly audit   'eslint-import-resolver-typescript': [ '3.10.1' ],
270 silly audit   'eslint-module-utils': [ '2.12.1' ],
270 silly audit   'eslint-plugin-import': [ '2.32.0' ],
270 silly audit   'eslint-plugin-jsx-a11y': [ '6.10.2' ],
270 silly audit   'eslint-plugin-react': [ '7.37.5' ],
270 silly audit   'eslint-plugin-react-hooks': [ '7.0.1' ],
270 silly audit   resolve: [ '2.0.0-next.5', '1.22.11' ],
270 silly audit   'eslint-scope': [ '8.4.0' ],
270 silly audit   espree: [ '10.4.0' ],
270 silly audit   esquery: [ '1.7.0' ],
270 silly audit   esrecurse: [ '4.3.0' ],
270 silly audit   estraverse: [ '5.3.0' ],
270 silly audit   esutils: [ '2.0.3' ],
270 silly audit   'fast-deep-equal': [ '3.1.3' ],
270 silly audit   'fast-glob': [ '3.3.1' ],
270 silly audit   'glob-parent': [ '5.1.2', '6.0.2' ],
270 silly audit   'fast-json-stable-stringify': [ '2.1.0' ],
270 silly audit   'fast-levenshtein': [ '2.0.6' ],
270 silly audit   fastq: [ '1.20.1' ],
270 silly audit   'file-entry-cache': [ '8.0.0' ],
270 silly audit   'fill-range': [ '7.1.1' ],
270 silly audit   'find-up': [ '5.0.0' ],
270 silly audit   'flat-cache': [ '4.0.1' ],
270 silly audit   flatted: [ '3.3.3' ],
270 silly audit   'for-each': [ '0.3.5' ],
270 silly audit   'function-bind': [ '1.1.2' ],
270 silly audit   'function.prototype.name': [ '1.1.8' ],
270 silly audit   'functions-have-names': [ '1.2.3' ],
270 silly audit   'generator-function': [ '2.0.1' ],
270 silly audit   gensync: [ '1.0.0-beta.2' ],
270 silly audit   'get-intrinsic': [ '1.3.0' ],
270 silly audit   'get-proto': [ '1.0.1' ],
270 silly audit   'get-symbol-description': [ '1.1.0' ],
270 silly audit   'get-tsconfig': [ '4.13.0' ],
270 silly audit   globalthis: [ '1.0.4' ],
270 silly audit   gopd: [ '1.2.0' ],
270 silly audit   'graceful-fs': [ '4.2.11' ],
270 silly audit   'has-bigints': [ '1.1.0' ],
270 silly audit   'has-flag': [ '4.0.0' ],
270 silly audit   'has-property-descriptors': [ '1.0.2' ],
270 silly audit   'has-proto': [ '1.2.0' ],
270 silly audit   'has-symbols': [ '1.1.0' ],
270 silly audit   'has-tostringtag': [ '1.0.2' ],
270 silly audit   hasown: [ '2.0.2' ],
270 silly audit   'hermes-estree': [ '0.25.1' ],
270 silly audit   'hermes-parser': [ '0.25.1' ],
270 silly audit   'import-fresh': [ '3.3.1' ],
270 silly audit   imurmurhash: [ '0.1.4' ],
270 silly audit   'internal-slot': [ '1.1.0' ],
270 silly audit   'is-array-buffer': [ '3.0.5' ],
270 silly audit   'is-async-function': [ '2.1.1' ],
270 silly audit   'is-bigint': [ '1.1.0' ],
270 silly audit   'is-boolean-object': [ '1.2.2' ],
270 silly audit   'is-bun-module': [ '2.0.0' ],
270 silly audit   'is-callable': [ '1.2.7' ],
270 silly audit   'is-core-module': [ '2.16.1' ],
270 silly audit   'is-data-view': [ '1.0.2' ],
270 silly audit   'is-date-object': [ '1.1.0' ],
270 silly audit   'is-extglob': [ '2.1.1' ],
270 silly audit   'is-finalizationregistry': [ '1.1.1' ],
270 silly audit   'is-generator-function': [ '1.1.2' ],
270 silly audit   'is-glob': [ '4.0.3' ],
270 silly audit   'is-map': [ '2.0.3' ],
270 silly audit   'is-negative-zero': [ '2.0.3' ],
270 silly audit   'is-number': [ '7.0.0' ],
270 silly audit   'is-number-object': [ '1.1.1' ],
270 silly audit   'is-regex': [ '1.2.1' ],
270 silly audit   'is-set': [ '2.0.3' ],
270 silly audit   'is-shared-array-buffer': [ '1.0.4' ],
270 silly audit   'is-string': [ '1.1.1' ],
270 silly audit   'is-symbol': [ '1.1.1' ],
270 silly audit   'is-typed-array': [ '1.1.15' ],
270 silly audit   'is-weakmap': [ '2.0.2' ],
270 silly audit   'is-weakref': [ '1.1.1' ],
270 silly audit   'is-weakset': [ '2.0.4' ],
270 silly audit   isarray: [ '2.0.5' ],
270 silly audit   isexe: [ '2.0.0' ],
270 silly audit   'iterator.prototype': [ '1.1.5' ],
270 silly audit   jiti: [ '2.6.1' ],
270 silly audit   'js-tokens': [ '4.0.0' ],
270 silly audit   'js-yaml': [ '4.1.1' ],
270 silly audit   jsesc: [ '3.1.0' ],
270 silly audit   'json-buffer': [ '3.0.1' ],
270 silly audit   'json-schema-traverse': [ '0.4.1' ],
270 silly audit   'json-stable-stringify-without-jsonify': [ '1.0.1' ],
270 silly audit   json5: [ '2.2.3', '1.0.2' ],
270 silly audit   'jsx-ast-utils': [ '3.3.5' ],
270 silly audit   keyv: [ '4.5.4' ],
270 silly audit   'language-subtag-registry': [ '0.3.23' ],
270 silly audit   'language-tags': [ '1.0.9' ],
270 silly audit   levn: [ '0.4.1' ],
270 silly audit   lightningcss: [ '1.30.2' ],
270 silly audit   'lightningcss-android-arm64': [ '1.30.2' ],
270 silly audit   'lightningcss-darwin-arm64': [ '1.30.2' ],
270 silly audit   'lightningcss-darwin-x64': [ '1.30.2' ],
270 silly audit   'lightningcss-freebsd-x64': [ '1.30.2' ],
270 silly audit   'lightningcss-linux-arm-gnueabihf': [ '1.30.2' ],
270 silly audit   'lightningcss-linux-arm64-gnu': [ '1.30.2' ],
270 silly audit   'lightningcss-linux-arm64-musl': [ '1.30.2' ],
270 silly audit   'lightningcss-linux-x64-gnu': [ '1.30.2' ],
270 silly audit   'lightningcss-linux-x64-musl': [ '1.30.2' ],
270 silly audit   'lightningcss-win32-arm64-msvc': [ '1.30.2' ],
270 silly audit   'lightningcss-win32-x64-msvc': [ '1.30.2' ],
270 silly audit   'locate-path': [ '6.0.0' ],
270 silly audit   'lodash.merge': [ '4.6.2' ],
270 silly audit   'loose-envify': [ '1.4.0' ],
270 silly audit   'lru-cache': [ '5.1.1', '6.0.0' ],
270 silly audit   'magic-string': [ '0.30.21' ],
270 silly audit   'math-intrinsics': [ '1.1.0' ],
270 silly audit   merge2: [ '1.4.1' ],
270 silly audit   micromatch: [ '4.0.8' ],
270 silly audit   minimist: [ '1.2.8' ],
270 silly audit   ms: [ '2.1.3' ],
270 silly audit   nanoid: [ '3.3.11' ],
270 silly audit   'napi-postinstall': [ '0.3.4' ],
270 silly audit   'natural-compare': [ '1.4.0' ],
270 silly audit   next: [ '16.1.3' ],
270 silly audit   postcss: [ '8.4.31', '8.5.6' ],
270 silly audit   'node-releases': [ '2.0.27' ],
270 silly audit   'object-assign': [ '4.1.1' ],
270 silly audit   'object-inspect': [ '1.13.4' ],
270 silly audit   'object-keys': [ '1.1.1' ],
270 silly audit   'object.assign': [ '4.1.7' ],
270 silly audit   'object.entries': [ '1.1.9' ],
270 silly audit   'object.fromentries': [ '2.0.8' ],
270 silly audit   'object.groupby': [ '1.0.3' ],
270 silly audit   'object.values': [ '1.2.1' ],
270 silly audit   optionator: [ '0.9.4' ],
270 silly audit   'own-keys': [ '1.0.1' ],
270 silly audit   'p-limit': [ '3.1.0' ],
270 silly audit   'p-locate': [ '5.0.0' ],
270 silly audit   'parent-module': [ '1.0.1' ],
270 silly audit   'path-exists': [ '4.0.0' ],
270 silly audit   'path-key': [ '3.1.1' ],
270 silly audit   'path-parse': [ '1.0.7' ],
270 silly audit   picocolors: [ '1.1.1' ],
270 silly audit   picomatch: [ '2.3.1', '4.0.3' ],
270 silly audit   'possible-typed-array-names': [ '1.1.0' ],
270 silly audit   'prelude-ls': [ '1.2.1' ],
270 silly audit   'prop-types': [ '15.8.1' ],
270 silly audit   punycode: [ '2.3.1' ],
270 silly audit   'queue-microtask': [ '1.2.3' ],
270 silly audit   react: [ '19.2.3' ],
270 silly audit   'react-dom': [ '19.2.3' ],
270 silly audit   'react-is': [ '16.13.1' ],
270 silly audit   'reflect.getprototypeof': [ '1.0.10' ],
270 silly audit   'regexp.prototype.flags': [ '1.5.4' ],
270 silly audit   'resolve-from': [ '4.0.0' ],
270 silly audit   'resolve-pkg-maps': [ '1.0.0' ],
270 silly audit   reusify: [ '1.1.0' ],
270 silly audit   'run-parallel': [ '1.2.0' ],
270 silly audit   'safe-array-concat': [ '1.1.3' ],
270 silly audit   'safe-push-apply': [ '1.0.0' ],
270 silly audit   'safe-regex-test': [ '1.1.0' ],
270 silly audit   scheduler: [ '0.27.0' ],
270 silly audit   'set-function-length': [ '1.2.2' ],
270 silly audit   'set-function-name': [ '2.0.2' ],
270 silly audit   'set-proto': [ '1.0.0' ],
270 silly audit   sharp: [ '0.34.5' ],
270 silly audit   'shebang-command': [ '2.0.0' ],
270 silly audit   'shebang-regex': [ '3.0.0' ],
270 silly audit   'side-channel': [ '1.1.0' ],
270 silly audit   'side-channel-list': [ '1.0.0' ],
270 silly audit   'side-channel-map': [ '1.0.1' ],
270 silly audit   'side-channel-weakmap': [ '1.0.2' ],
270 silly audit   'source-map-js': [ '1.2.1' ],
270 silly audit   'stable-hash': [ '0.0.5' ],
270 silly audit   'stop-iteration-iterator': [ '1.1.0' ],
270 silly audit   'string.prototype.includes': [ '2.0.1' ],
270 silly audit   'string.prototype.matchall': [ '4.0.12' ],
270 silly audit   'string.prototype.repeat': [ '1.0.0' ],
270 silly audit   'string.prototype.trim': [ '1.2.10' ],
270 silly audit   'string.prototype.trimend': [ '1.0.9' ],
270 silly audit   'string.prototype.trimstart': [ '1.0.8' ],
270 silly audit   'strip-bom': [ '3.0.0' ],
270 silly audit   'strip-json-comments': [ '3.1.1' ],
270 silly audit   'styled-jsx': [ '5.1.6' ],
270 silly audit   'supports-color': [ '7.2.0' ],
270 silly audit   'supports-preserve-symlinks-flag': [ '1.0.0' ],
270 silly audit   tailwindcss: [ '4.1.18' ],
270 silly audit   tapable: [ '2.3.0' ],
270 silly audit   tinyglobby: [ '0.2.15' ],
270 silly audit   fdir: [ '6.5.0' ],
270 silly audit   'to-regex-range': [ '5.0.1' ],
270 silly audit   'ts-api-utils': [ '2.4.0' ],
270 silly audit   'tsconfig-paths': [ '3.15.0' ],
270 silly audit   tslib: [ '2.8.1', '2.7.0' ],
270 silly audit   'type-check': [ '0.4.0' ],
270 silly audit   'typed-array-buffer': [ '1.0.3' ],
270 silly audit   'typed-array-byte-length': [ '1.0.3' ],
270 silly audit   'typed-array-byte-offset': [ '1.0.4' ],
270 silly audit   'typed-array-length': [ '1.0.7' ],
270 silly audit   typescript: [ '5.9.3' ],
270 silly audit   'typescript-eslint': [ '8.53.1' ],
270 silly audit   'unbox-primitive': [ '1.1.0' ],
270 silly audit   'undici-types': [ '6.21.0', '6.19.8' ],
270 silly audit   'unrs-resolver': [ '1.11.1' ],
270 silly audit   'update-browserslist-db': [ '1.2.3' ],
270 silly audit   'uri-js': [ '4.4.1' ],
270 silly audit   which: [ '2.0.2' ],
270 silly audit   'which-boxed-primitive': [ '1.1.1' ],
270 silly audit   'which-builtin-type': [ '1.2.1' ],
270 silly audit   'which-collection': [ '1.0.2' ],
270 silly audit   'which-typed-array': [ '1.1.20' ],
270 silly audit   'word-wrap': [ '1.2.5' ],
270 silly audit   yallist: [ '3.1.1', '4.0.0' ],
270 silly audit   'yocto-queue': [ '0.1.0' ],
270 silly audit   zod: [ '4.3.5' ],
270 silly audit   'zod-validation-error': [ '4.0.2' ],
270 silly audit   '@prisma/client': [ '5.22.0' ],
270 silly audit   '@supabase/supabase-js': [ '2.90.1' ],
270 silly audit   bcryptjs: [ '3.0.3' ],
270 silly audit   clsx: [ '2.1.1' ],
270 silly audit   ethers: [ '6.16.0' ],
270 silly audit   'lucide-react': [ '0.562.0' ],
270 silly audit   'next-auth': [ '4.24.13' ],
270 silly audit   prisma: [ '5.22.0' ],
270 silly audit   'tailwind-merge': [ '3.4.0' ],
270 silly audit   '@supabase/auth-js': [ '2.90.1' ],
270 silly audit   '@supabase/functions-js': [ '2.90.1' ],
270 silly audit   '@supabase/postgrest-js': [ '2.90.1' ],
270 silly audit   '@supabase/realtime-js': [ '2.90.1' ],
270 silly audit   '@supabase/storage-js': [ '2.90.1' ],
270 silly audit   '@types/phoenix': [ '1.6.7' ],
270 silly audit   '@types/ws': [ '8.18.1' ],
270 silly audit   ws: [ '8.19.0', '8.17.1' ],
270 silly audit   'iceberg-js': [ '0.8.1' ],
270 silly audit   '@adraffy/ens-normalize': [ '1.10.1' ],
270 silly audit   '@noble/curves': [ '1.2.0' ],
270 silly audit   '@noble/hashes': [ '1.3.2' ],
270 silly audit   'aes-js': [ '4.0.0-beta.5' ],
270 silly audit   '@babel/runtime': [ '7.28.6' ],
270 silly audit   '@panva/hkdf': [ '1.2.1' ],
270 silly audit   cookie: [ '0.7.2' ],
270 silly audit   jose: [ '4.15.9' ],
270 silly audit   oauth: [ '0.9.15' ],
270 silly audit   'openid-client': [ '5.7.1' ],
270 silly audit   preact: [ '10.28.2' ],
270 silly audit   'preact-render-to-string': [ '5.2.6' ],
270 silly audit   uuid: [ '8.3.2' ],
270 silly audit   'object-hash': [ '2.2.0' ],
270 silly audit   'oidc-token-hash': [ '5.2.0' ],
270 silly audit   'pretty-format': [ '3.8.0' ],
270 silly audit   '@prisma/engines': [ '5.22.0' ],
270 silly audit   fsevents: [ '2.3.3' ],
270 silly audit   '@prisma/debug': [ '5.22.0' ],
270 silly audit   '@prisma/engines-version': [ '5.22.0-44.605197351a3c8bdd595af2d2a9bc3025bca48ea2' ],
270 silly audit   '@prisma/fetch-engine': [ '5.22.0' ],
270 silly audit   '@prisma/get-platform': [ '5.22.0' ],
270 silly audit   '@tailwindcss/oxide-wasm32-wasi': [ '4.1.18' ]
270 silly audit }
271 verbose reify failed optional dependency /Users/chengfang/Downloads/make money/shopping/node_modules/lightningcss-win32-x64-msvc
272 silly reify mark deleted [
272 silly reify   '/Users/chengfang/Downloads/make money/shopping/node_modules/lightningcss-win32-x64-msvc'
272 silly reify ]
273 verbose reify failed optional dependency /Users/chengfang/Downloads/make money/shopping/node_modules/lightningcss-win32-arm64-msvc
274 silly reify mark deleted [
274 silly reify   '/Users/chengfang/Downloads/make money/shopping/node_modules/lightningcss-win32-arm64-msvc'
274 silly reify ]
275 verbose reify failed optional dependency /Users/chengfang/Downloads/make money/shopping/node_modules/lightningcss-linux-x64-musl
276 silly reify mark deleted [
276 silly reify   '/Users/chengfang/Downloads/make money/shopping/node_modules/lightningcss-linux-x64-musl'
276 silly reify ]
277 verbose reify failed optional dependency /Users/chengfang/Downloads/make money/shopping/node_modules/lightningcss-linux-x64-gnu
278 silly reify mark deleted [
278 silly reify   '/Users/chengfang/Downloads/make money/shopping/node_modules/lightningcss-linux-x64-gnu'
278 silly reify ]
279 verbose reify failed optional dependency /Users/chengfang/Downloads/make money/shopping/node_modules/lightningcss-linux-arm64-musl
280 silly reify mark deleted [
280 silly reify   '/Users/chengfang/Downloads/make money/shopping/node_modules/lightningcss-linux-arm64-musl'
280 silly reify ]
281 verbose reify failed optional dependency /Users/chengfang/Downloads/make money/shopping/node_modules/lightningcss-linux-arm64-gnu
282 silly reify mark deleted [
282 silly reify   '/Users/chengfang/Downloads/make money/shopping/node_modules/lightningcss-linux-arm64-gnu'
282 silly reify ]
283 verbose reify failed optional dependency /Users/chengfang/Downloads/make money/shopping/node_modules/lightningcss-linux-arm-gnueabihf
284 silly reify mark deleted [
284 silly reify   '/Users/chengfang/Downloads/make money/shopping/node_modules/lightningcss-linux-arm-gnueabihf'
284 silly reify ]
285 verbose reify failed optional dependency /Users/chengfang/Downloads/make money/shopping/node_modules/lightningcss-freebsd-x64
286 silly reify mark deleted [
286 silly reify   '/Users/chengfang/Downloads/make money/shopping/node_modules/lightningcss-freebsd-x64'
286 silly reify ]
287 verbose reify failed optional dependency /Users/chengfang/Downloads/make money/shopping/node_modules/lightningcss-darwin-x64
288 silly reify mark deleted [
288 silly reify   '/Users/chengfang/Downloads/make money/shopping/node_modules/lightningcss-darwin-x64'
288 silly reify ]
289 verbose reify failed optional dependency /Users/chengfang/Downloads/make money/shopping/node_modules/lightningcss-android-arm64
290 silly reify mark deleted [
290 silly reify   '/Users/chengfang/Downloads/make money/shopping/node_modules/lightningcss-android-arm64'
290 silly reify ]
291 verbose reify failed optional dependency /Users/chengfang/Downloads/make money/shopping/node_modules/@unrs/resolver-binding-win32-x64-msvc
292 silly reify mark deleted [
292 silly reify   '/Users/chengfang/Downloads/make money/shopping/node_modules/@unrs/resolver-binding-win32-x64-msvc'
292 silly reify ]
293 verbose reify failed optional dependency /Users/chengfang/Downloads/make money/shopping/node_modules/@unrs/resolver-binding-win32-ia32-msvc
294 silly reify mark deleted [
294 silly reify   '/Users/chengfang/Downloads/make money/shopping/node_modules/@unrs/resolver-binding-win32-ia32-msvc'
294 silly reify ]
295 verbose reify failed optional dependency /Users/chengfang/Downloads/make money/shopping/node_modules/@unrs/resolver-binding-win32-arm64-msvc
296 silly reify mark deleted [
296 silly reify   '/Users/chengfang/Downloads/make money/shopping/node_modules/@unrs/resolver-binding-win32-arm64-msvc'
296 silly reify ]
297 verbose reify failed optional dependency /Users/chengfang/Downloads/make money/shopping/node_modules/@unrs/resolver-binding-wasm32-wasi
298 silly reify mark deleted [
298 silly reify   '/Users/chengfang/Downloads/make money/shopping/node_modules/@unrs/resolver-binding-wasm32-wasi'
298 silly reify ]
299 verbose reify failed optional dependency /Users/chengfang/Downloads/make money/shopping/node_modules/@unrs/resolver-binding-linux-x64-musl
300 silly reify mark deleted [
300 silly reify   '/Users/chengfang/Downloads/make money/shopping/node_modules/@unrs/resolver-binding-linux-x64-musl'
300 silly reify ]
301 verbose reify failed optional dependency /Users/chengfang/Downloads/make money/shopping/node_modules/@unrs/resolver-binding-linux-x64-gnu
302 silly reify mark deleted [
302 silly reify   '/Users/chengfang/Downloads/make money/shopping/node_modules/@unrs/resolver-binding-linux-x64-gnu'
302 silly reify ]
303 verbose reify failed optional dependency /Users/chengfang/Downloads/make money/shopping/node_modules/@unrs/resolver-binding-linux-s390x-gnu
304 silly reify mark deleted [
304 silly reify   '/Users/chengfang/Downloads/make money/shopping/node_modules/@unrs/resolver-binding-linux-s390x-gnu'
304 silly reify ]
305 verbose reify failed optional dependency /Users/chengfang/Downloads/make money/shopping/node_modules/@unrs/resolver-binding-linux-riscv64-musl
306 silly reify mark deleted [
306 silly reify   '/Users/chengfang/Downloads/make money/shopping/node_modules/@unrs/resolver-binding-linux-riscv64-musl'
306 silly reify ]
307 verbose reify failed optional dependency /Users/chengfang/Downloads/make money/shopping/node_modules/@unrs/resolver-binding-linux-riscv64-gnu
308 silly reify mark deleted [
308 silly reify   '/Users/chengfang/Downloads/make money/shopping/node_modules/@unrs/resolver-binding-linux-riscv64-gnu'
308 silly reify ]
309 verbose reify failed optional dependency /Users/chengfang/Downloads/make money/shopping/node_modules/@unrs/resolver-binding-linux-ppc64-gnu
310 silly reify mark deleted [
310 silly reify   '/Users/chengfang/Downloads/make money/shopping/node_modules/@unrs/resolver-binding-linux-ppc64-gnu'
310 silly reify ]
311 verbose reify failed optional dependency /Users/chengfang/Downloads/make money/shopping/node_modules/@unrs/resolver-binding-linux-arm64-musl
312 silly reify mark deleted [
312 silly reify   '/Users/chengfang/Downloads/make money/shopping/node_modules/@unrs/resolver-binding-linux-arm64-musl'
312 silly reify ]
313 verbose reify failed optional dependency /Users/chengfang/Downloads/make money/shopping/node_modules/@unrs/resolver-binding-linux-arm64-gnu
314 silly reify mark deleted [
314 silly reify   '/Users/chengfang/Downloads/make money/shopping/node_modules/@unrs/resolver-binding-linux-arm64-gnu'
314 silly reify ]
315 verbose reify failed optional dependency /Users/chengfang/Downloads/make money/shopping/node_modules/@unrs/resolver-binding-linux-arm-musleabihf
316 silly reify mark deleted [
316 silly reify   '/Users/chengfang/Downloads/make money/shopping/node_modules/@unrs/resolver-binding-linux-arm-musleabihf'
316 silly reify ]
317 verbose reify failed optional dependency /Users/chengfang/Downloads/make money/shopping/node_modules/@unrs/resolver-binding-linux-arm-gnueabihf
318 silly reify mark deleted [
318 silly reify   '/Users/chengfang/Downloads/make money/shopping/node_modules/@unrs/resolver-binding-linux-arm-gnueabihf'
318 silly reify ]
319 verbose reify failed optional dependency /Users/chengfang/Downloads/make money/shopping/node_modules/@unrs/resolver-binding-freebsd-x64
320 silly reify mark deleted [
320 silly reify   '/Users/chengfang/Downloads/make money/shopping/node_modules/@unrs/resolver-binding-freebsd-x64'
320 silly reify ]
321 verbose reify failed optional dependency /Users/chengfang/Downloads/make money/shopping/node_modules/@unrs/resolver-binding-darwin-x64
322 silly reify mark deleted [
322 silly reify   '/Users/chengfang/Downloads/make money/shopping/node_modules/@unrs/resolver-binding-darwin-x64'
322 silly reify ]
323 verbose reify failed optional dependency /Users/chengfang/Downloads/make money/shopping/node_modules/@unrs/resolver-binding-android-arm64
324 silly reify mark deleted [
324 silly reify   '/Users/chengfang/Downloads/make money/shopping/node_modules/@unrs/resolver-binding-android-arm64'
324 silly reify ]
325 verbose reify failed optional dependency /Users/chengfang/Downloads/make money/shopping/node_modules/@unrs/resolver-binding-android-arm-eabi
326 silly reify mark deleted [
326 silly reify   '/Users/chengfang/Downloads/make money/shopping/node_modules/@unrs/resolver-binding-android-arm-eabi'
326 silly reify ]
327 verbose reify failed optional dependency /Users/chengfang/Downloads/make money/shopping/node_modules/@tailwindcss/oxide-win32-x64-msvc
328 silly reify mark deleted [
328 silly reify   '/Users/chengfang/Downloads/make money/shopping/node_modules/@tailwindcss/oxide-win32-x64-msvc'
328 silly reify ]
329 verbose reify failed optional dependency /Users/chengfang/Downloads/make money/shopping/node_modules/@tailwindcss/oxide-win32-arm64-msvc
330 silly reify mark deleted [
330 silly reify   '/Users/chengfang/Downloads/make money/shopping/node_modules/@tailwindcss/oxide-win32-arm64-msvc'
330 silly reify ]
331 verbose reify failed optional dependency /Users/chengfang/Downloads/make money/shopping/node_modules/@tailwindcss/oxide-linux-x64-musl
332 silly reify mark deleted [
332 silly reify   '/Users/chengfang/Downloads/make money/shopping/node_modules/@tailwindcss/oxide-linux-x64-musl'
332 silly reify ]
333 verbose reify failed optional dependency /Users/chengfang/Downloads/make money/shopping/node_modules/@tailwindcss/oxide-linux-x64-gnu
334 silly reify mark deleted [
334 silly reify   '/Users/chengfang/Downloads/make money/shopping/node_modules/@tailwindcss/oxide-linux-x64-gnu'
334 silly reify ]
335 verbose reify failed optional dependency /Users/chengfang/Downloads/make money/shopping/node_modules/@tailwindcss/oxide-linux-arm64-musl
336 silly reify mark deleted [
336 silly reify   '/Users/chengfang/Downloads/make money/shopping/node_modules/@tailwindcss/oxide-linux-arm64-musl'
336 silly reify ]
337 verbose reify failed optional dependency /Users/chengfang/Downloads/make money/shopping/node_modules/@tailwindcss/oxide-linux-arm64-gnu
338 silly reify mark deleted [
338 silly reify   '/Users/chengfang/Downloads/make money/shopping/node_modules/@tailwindcss/oxide-linux-arm64-gnu'
338 silly reify ]
339 verbose reify failed optional dependency /Users/chengfang/Downloads/make money/shopping/node_modules/@tailwindcss/oxide-linux-arm-gnueabihf
340 silly reify mark deleted [
340 silly reify   '/Users/chengfang/Downloads/make money/shopping/node_modules/@tailwindcss/oxide-linux-arm-gnueabihf'
340 silly reify ]
341 verbose reify failed optional dependency /Users/chengfang/Downloads/make money/shopping/node_modules/@tailwindcss/oxide-freebsd-x64
342 silly reify mark deleted [
342 silly reify   '/Users/chengfang/Downloads/make money/shopping/node_modules/@tailwindcss/oxide-freebsd-x64'
342 silly reify ]
343 verbose reify failed optional dependency /Users/chengfang/Downloads/make money/shopping/node_modules/@tailwindcss/oxide-darwin-x64
344 silly reify mark deleted [
344 silly reify   '/Users/chengfang/Downloads/make money/shopping/node_modules/@tailwindcss/oxide-darwin-x64'
344 silly reify ]
345 verbose reify failed optional dependency /Users/chengfang/Downloads/make money/shopping/node_modules/@tailwindcss/oxide-android-arm64
346 silly reify mark deleted [
346 silly reify   '/Users/chengfang/Downloads/make money/shopping/node_modules/@tailwindcss/oxide-android-arm64'
346 silly reify ]
347 verbose reify failed optional dependency /Users/chengfang/Downloads/make money/shopping/node_modules/@next/swc-win32-x64-msvc
348 silly reify mark deleted [
348 silly reify   '/Users/chengfang/Downloads/make money/shopping/node_modules/@next/swc-win32-x64-msvc'
348 silly reify ]
349 verbose reify failed optional dependency /Users/chengfang/Downloads/make money/shopping/node_modules/@next/swc-win32-arm64-msvc
350 silly reify mark deleted [
350 silly reify   '/Users/chengfang/Downloads/make money/shopping/node_modules/@next/swc-win32-arm64-msvc'
350 silly reify ]
351 verbose reify failed optional dependency /Users/chengfang/Downloads/make money/shopping/node_modules/@next/swc-linux-x64-musl
352 silly reify mark deleted [
352 silly reify   '/Users/chengfang/Downloads/make money/shopping/node_modules/@next/swc-linux-x64-musl'
352 silly reify ]
353 verbose reify failed optional dependency /Users/chengfang/Downloads/make money/shopping/node_modules/@next/swc-linux-x64-gnu
354 silly reify mark deleted [
354 silly reify   '/Users/chengfang/Downloads/make money/shopping/node_modules/@next/swc-linux-x64-gnu'
354 silly reify ]
355 verbose reify failed optional dependency /Users/chengfang/Downloads/make money/shopping/node_modules/@next/swc-linux-arm64-musl
356 silly reify mark deleted [
356 silly reify   '/Users/chengfang/Downloads/make money/shopping/node_modules/@next/swc-linux-arm64-musl'
356 silly reify ]
357 verbose reify failed optional dependency /Users/chengfang/Downloads/make money/shopping/node_modules/@next/swc-linux-arm64-gnu
358 silly reify mark deleted [
358 silly reify   '/Users/chengfang/Downloads/make money/shopping/node_modules/@next/swc-linux-arm64-gnu'
358 silly reify ]
359 verbose reify failed optional dependency /Users/chengfang/Downloads/make money/shopping/node_modules/@next/swc-darwin-x64
360 silly reify mark deleted [
360 silly reify   '/Users/chengfang/Downloads/make money/shopping/node_modules/@next/swc-darwin-x64'
360 silly reify ]
361 verbose reify failed optional dependency /Users/chengfang/Downloads/make money/shopping/node_modules/@img/sharp-win32-x64
362 silly reify mark deleted [
362 silly reify   '/Users/chengfang/Downloads/make money/shopping/node_modules/@img/sharp-win32-x64'
362 silly reify ]
363 verbose reify failed optional dependency /Users/chengfang/Downloads/make money/shopping/node_modules/@img/sharp-win32-ia32
364 silly reify mark deleted [
364 silly reify   '/Users/chengfang/Downloads/make money/shopping/node_modules/@img/sharp-win32-ia32'
364 silly reify ]
365 verbose reify failed optional dependency /Users/chengfang/Downloads/make money/shopping/node_modules/@img/sharp-win32-arm64
366 silly reify mark deleted [
366 silly reify   '/Users/chengfang/Downloads/make money/shopping/node_modules/@img/sharp-win32-arm64'
366 silly reify ]
367 verbose reify failed optional dependency /Users/chengfang/Downloads/make money/shopping/node_modules/@img/sharp-wasm32
368 silly reify mark deleted [
368 silly reify   '/Users/chengfang/Downloads/make money/shopping/node_modules/@img/sharp-wasm32'
368 silly reify ]
369 verbose reify failed optional dependency /Users/chengfang/Downloads/make money/shopping/node_modules/@img/sharp-linuxmusl-x64
370 silly reify mark deleted [
370 silly reify   '/Users/chengfang/Downloads/make money/shopping/node_modules/@img/sharp-linuxmusl-x64'
370 silly reify ]
371 verbose reify failed optional dependency /Users/chengfang/Downloads/make money/shopping/node_modules/@img/sharp-linuxmusl-arm64
372 silly reify mark deleted [
372 silly reify   '/Users/chengfang/Downloads/make money/shopping/node_modules/@img/sharp-linuxmusl-arm64'
372 silly reify ]
373 verbose reify failed optional dependency /Users/chengfang/Downloads/make money/shopping/node_modules/@img/sharp-linux-x64
374 silly reify mark deleted [
374 silly reify   '/Users/chengfang/Downloads/make money/shopping/node_modules/@img/sharp-linux-x64'
374 silly reify ]
375 verbose reify failed optional dependency /Users/chengfang/Downloads/make money/shopping/node_modules/@img/sharp-linux-s390x
376 silly reify mark deleted [
376 silly reify   '/Users/chengfang/Downloads/make money/shopping/node_modules/@img/sharp-linux-s390x'
376 silly reify ]
377 verbose reify failed optional dependency /Users/chengfang/Downloads/make money/shopping/node_modules/@img/sharp-linux-riscv64
378 silly reify mark deleted [
378 silly reify   '/Users/chengfang/Downloads/make money/shopping/node_modules/@img/sharp-linux-riscv64'
378 silly reify ]
379 verbose reify failed optional dependency /Users/chengfang/Downloads/make money/shopping/node_modules/@img/sharp-linux-ppc64
380 silly reify mark deleted [
380 silly reify   '/Users/chengfang/Downloads/make money/shopping/node_modules/@img/sharp-linux-ppc64'
380 silly reify ]
381 verbose reify failed optional dependency /Users/chengfang/Downloads/make money/shopping/node_modules/@img/sharp-linux-arm64
382 silly reify mark deleted [
382 silly reify   '/Users/chengfang/Downloads/make money/shopping/node_modules/@img/sharp-linux-arm64'
382 silly reify ]
383 verbose reify failed optional dependency /Users/chengfang/Downloads/make money/shopping/node_modules/@img/sharp-linux-arm
384 silly reify mark deleted [
384 silly reify   '/Users/chengfang/Downloads/make money/shopping/node_modules/@img/sharp-linux-arm'
384 silly reify ]
385 verbose reify failed optional dependency /Users/chengfang/Downloads/make money/shopping/node_modules/@img/sharp-libvips-linuxmusl-x64
386 silly reify mark deleted [
386 silly reify   '/Users/chengfang/Downloads/make money/shopping/node_modules/@img/sharp-libvips-linuxmusl-x64'
386 silly reify ]
387 verbose reify failed optional dependency /Users/chengfang/Downloads/make money/shopping/node_modules/@img/sharp-libvips-linuxmusl-arm64
388 silly reify mark deleted [
388 silly reify   '/Users/chengfang/Downloads/make money/shopping/node_modules/@img/sharp-libvips-linuxmusl-arm64'
388 silly reify ]
389 verbose reify failed optional dependency /Users/chengfang/Downloads/make money/shopping/node_modules/@img/sharp-libvips-linux-x64
390 silly reify mark deleted [
390 silly reify   '/Users/chengfang/Downloads/make money/shopping/node_modules/@img/sharp-libvips-linux-x64'
390 silly reify ]
391 verbose reify failed optional dependency /Users/chengfang/Downloads/make money/shopping/node_modules/@img/sharp-libvips-linux-s390x
392 silly reify mark deleted [
392 silly reify   '/Users/chengfang/Downloads/make money/shopping/node_modules/@img/sharp-libvips-linux-s390x'
392 silly reify ]
393 verbose reify failed optional dependency /Users/chengfang/Downloads/make money/shopping/node_modules/@img/sharp-libvips-linux-riscv64
394 silly reify mark deleted [
394 silly reify   '/Users/chengfang/Downloads/make money/shopping/node_modules/@img/sharp-libvips-linux-riscv64'
394 silly reify ]
395 verbose reify failed optional dependency /Users/chengfang/Downloads/make money/shopping/node_modules/@img/sharp-libvips-linux-ppc64
396 silly reify mark deleted [
396 silly reify   '/Users/chengfang/Downloads/make money/shopping/node_modules/@img/sharp-libvips-linux-ppc64'
396 silly reify ]
397 verbose reify failed optional dependency /Users/chengfang/Downloads/make money/shopping/node_modules/@img/sharp-libvips-linux-arm64
398 silly reify mark deleted [
398 silly reify   '/Users/chengfang/Downloads/make money/shopping/node_modules/@img/sharp-libvips-linux-arm64'
398 silly reify ]
399 verbose reify failed optional dependency /Users/chengfang/Downloads/make money/shopping/node_modules/@img/sharp-libvips-linux-arm
400 silly reify mark deleted [
400 silly reify   '/Users/chengfang/Downloads/make money/shopping/node_modules/@img/sharp-libvips-linux-arm'
400 silly reify ]
401 verbose reify failed optional dependency /Users/chengfang/Downloads/make money/shopping/node_modules/@img/sharp-libvips-darwin-x64
402 silly reify mark deleted [
402 silly reify   '/Users/chengfang/Downloads/make money/shopping/node_modules/@img/sharp-libvips-darwin-x64'
402 silly reify ]
403 verbose reify failed optional dependency /Users/chengfang/Downloads/make money/shopping/node_modules/@img/sharp-darwin-x64
404 silly reify mark deleted [
404 silly reify   '/Users/chengfang/Downloads/make money/shopping/node_modules/@img/sharp-darwin-x64'
404 silly reify ]
405 timing reifyNode:node_modules/lightningcss-win32-x64-msvc Completed in 12ms
406 timing reifyNode:node_modules/lightningcss-win32-arm64-msvc Completed in 12ms
407 timing reifyNode:node_modules/lightningcss-linux-x64-musl Completed in 12ms
408 timing reifyNode:node_modules/lightningcss-linux-x64-gnu Completed in 12ms
409 timing reifyNode:node_modules/lightningcss-linux-arm64-musl Completed in 12ms
410 timing reifyNode:node_modules/lightningcss-linux-arm64-gnu Completed in 12ms
411 timing reifyNode:node_modules/lightningcss-linux-arm-gnueabihf Completed in 12ms
412 timing reifyNode:node_modules/lightningcss-freebsd-x64 Completed in 12ms
413 timing reifyNode:node_modules/lightningcss-darwin-x64 Completed in 12ms
414 timing reifyNode:node_modules/lightningcss-android-arm64 Completed in 12ms
415 timing reifyNode:node_modules/@unrs/resolver-binding-win32-x64-msvc Completed in 12ms
416 timing reifyNode:node_modules/@unrs/resolver-binding-win32-ia32-msvc Completed in 12ms
417 timing reifyNode:node_modules/@unrs/resolver-binding-win32-arm64-msvc Completed in 13ms
418 timing reifyNode:node_modules/@unrs/resolver-binding-wasm32-wasi Completed in 13ms
419 timing reifyNode:node_modules/@unrs/resolver-binding-linux-x64-musl Completed in 12ms
420 timing reifyNode:node_modules/@unrs/resolver-binding-linux-x64-gnu Completed in 12ms
421 timing reifyNode:node_modules/@unrs/resolver-binding-linux-s390x-gnu Completed in 12ms
422 timing reifyNode:node_modules/@unrs/resolver-binding-linux-riscv64-musl Completed in 12ms
423 timing reifyNode:node_modules/@unrs/resolver-binding-linux-riscv64-gnu Completed in 12ms
424 timing reifyNode:node_modules/@unrs/resolver-binding-linux-ppc64-gnu Completed in 12ms
425 timing reifyNode:node_modules/@unrs/resolver-binding-linux-arm64-musl Completed in 12ms
426 timing reifyNode:node_modules/@unrs/resolver-binding-linux-arm64-gnu Completed in 12ms
427 timing reifyNode:node_modules/@unrs/resolver-binding-linux-arm-musleabihf Completed in 12ms
428 timing reifyNode:node_modules/@unrs/resolver-binding-linux-arm-gnueabihf Completed in 12ms
429 timing reifyNode:node_modules/@unrs/resolver-binding-freebsd-x64 Completed in 12ms
430 timing reifyNode:node_modules/@unrs/resolver-binding-darwin-x64 Completed in 12ms
431 timing reifyNode:node_modules/@unrs/resolver-binding-android-arm64 Completed in 12ms
432 timing reifyNode:node_modules/@unrs/resolver-binding-android-arm-eabi Completed in 12ms
433 timing reifyNode:node_modules/@tailwindcss/oxide-win32-x64-msvc Completed in 12ms
434 timing reifyNode:node_modules/@tailwindcss/oxide-win32-arm64-msvc Completed in 12ms
435 timing reifyNode:node_modules/@tailwindcss/oxide-linux-x64-musl Completed in 12ms
436 timing reifyNode:node_modules/@tailwindcss/oxide-linux-x64-gnu Completed in 12ms
437 timing reifyNode:node_modules/@tailwindcss/oxide-linux-arm64-musl Completed in 12ms
438 timing reifyNode:node_modules/@tailwindcss/oxide-linux-arm64-gnu Completed in 12ms
439 timing reifyNode:node_modules/@tailwindcss/oxide-linux-arm-gnueabihf Completed in 12ms
440 timing reifyNode:node_modules/@tailwindcss/oxide-freebsd-x64 Completed in 12ms
441 timing reifyNode:node_modules/@tailwindcss/oxide-darwin-x64 Completed in 12ms
442 timing reifyNode:node_modules/@tailwindcss/oxide-android-arm64 Completed in 12ms
443 timing reifyNode:node_modules/@next/swc-win32-x64-msvc Completed in 12ms
444 timing reifyNode:node_modules/@next/swc-win32-arm64-msvc Completed in 12ms
445 timing reifyNode:node_modules/@next/swc-linux-x64-musl Completed in 13ms
446 timing reifyNode:node_modules/@next/swc-linux-x64-gnu Completed in 13ms
447 timing reifyNode:node_modules/@next/swc-linux-arm64-musl Completed in 13ms
448 timing reifyNode:node_modules/@next/swc-linux-arm64-gnu Completed in 12ms
449 timing reifyNode:node_modules/@next/swc-darwin-x64 Completed in 12ms
450 timing reifyNode:node_modules/@img/sharp-win32-x64 Completed in 12ms
451 timing reifyNode:node_modules/@img/sharp-win32-ia32 Completed in 12ms
452 timing reifyNode:node_modules/@img/sharp-win32-arm64 Completed in 12ms
453 timing reifyNode:node_modules/@img/sharp-wasm32 Completed in 12ms
454 timing reifyNode:node_modules/@img/sharp-linuxmusl-x64 Completed in 12ms
455 timing reifyNode:node_modules/@img/sharp-linuxmusl-arm64 Completed in 12ms
456 timing reifyNode:node_modules/@img/sharp-linux-x64 Completed in 12ms
457 timing reifyNode:node_modules/@img/sharp-linux-s390x Completed in 12ms
458 timing reifyNode:node_modules/@img/sharp-linux-riscv64 Completed in 12ms
459 timing reifyNode:node_modules/@img/sharp-linux-ppc64 Completed in 12ms
460 timing reifyNode:node_modules/@img/sharp-linux-arm64 Completed in 12ms
461 timing reifyNode:node_modules/@img/sharp-linux-arm Completed in 12ms
462 timing reifyNode:node_modules/@img/sharp-libvips-linuxmusl-x64 Completed in 11ms
463 timing reifyNode:node_modules/@img/sharp-libvips-linuxmusl-arm64 Completed in 11ms
464 timing reifyNode:node_modules/@img/sharp-libvips-linux-x64 Completed in 11ms
465 timing reifyNode:node_modules/@img/sharp-libvips-linux-s390x Completed in 10ms
466 timing reifyNode:node_modules/@img/sharp-libvips-linux-riscv64 Completed in 10ms
467 timing reifyNode:node_modules/@img/sharp-libvips-linux-ppc64 Completed in 10ms
468 timing reifyNode:node_modules/@img/sharp-libvips-linux-arm64 Completed in 10ms
469 timing reifyNode:node_modules/@img/sharp-libvips-linux-arm Completed in 10ms
470 timing reifyNode:node_modules/@img/sharp-libvips-darwin-x64 Completed in 10ms
471 timing reifyNode:node_modules/@img/sharp-darwin-x64 Completed in 10ms
472 silly tarball no local data for @prisma/get-platform@https://registry.npmjs.org/@prisma/get-platform/-/get-platform-5.22.0.tgz. Extracting by manifest.
473 silly tarball no local data for @prisma/engines-version@https://registry.npmjs.org/@prisma/engines-version/-/engines-version-5.22.0-44.605197351a3c8bdd595af2d2a9bc3025bca48ea2.tgz. Extracting by manifest.
474 silly tarball no local data for @prisma/engines@https://registry.npmjs.org/@prisma/engines/-/engines-5.22.0.tgz. Extracting by manifest.
475 silly tarball no local data for fsevents@https://registry.npmjs.org/fsevents/-/fsevents-2.3.3.tgz. Extracting by manifest.
476 silly tarball no local data for @prisma/debug@https://registry.npmjs.org/@prisma/debug/-/debug-5.22.0.tgz. Extracting by manifest.
477 silly tarball no local data for @prisma/fetch-engine@https://registry.npmjs.org/@prisma/fetch-engine/-/fetch-engine-5.22.0.tgz. Extracting by manifest.
478 silly tarball no local data for prisma@https://registry.npmjs.org/prisma/-/prisma-5.22.0.tgz. Extracting by manifest.
479 silly tarball no local data for @prisma/client@https://registry.npmjs.org/@prisma/client/-/client-5.22.0.tgz. Extracting by manifest.
480 http fetch POST 200 https://registry.npmjs.org/-/npm/v1/security/advisories/bulk 376ms
481 timing auditReport:getReport Completed in 378ms
482 silly audit report {}
483 timing auditReport:init Completed in 0ms
484 timing reify:audit Completed in 379ms
485 timing reifyNode:node_modules/@types/phoenix Completed in 383ms
486 timing reifyNode:node_modules/oidc-token-hash Completed in 386ms
487 timing reifyNode:node_modules/openid-client/node_modules/lru-cache Completed in 386ms
488 timing reifyNode:node_modules/openid-client/node_modules/yallist Completed in 389ms
489 timing reifyNode:node_modules/cookie Completed in 390ms
490 timing reifyNode:node_modules/pretty-format Completed in 395ms
491 timing reifyNode:node_modules/@types/ws Completed in 395ms
492 timing reifyNode:node_modules/object-hash Completed in 395ms
493 timing reifyNode:node_modules/clsx Completed in 398ms
494 timing reifyNode:node_modules/bcryptjs Completed in 415ms
495 timing reifyNode:node_modules/ethers/node_modules/tslib Completed in 424ms
496 timing reifyNode:node_modules/iceberg-js Completed in 426ms
497 timing reifyNode:node_modules/ws Completed in 445ms
498 timing reifyNode:node_modules/ethers/node_modules/ws Completed in 451ms
499 timing reifyNode:node_modules/oauth Completed in 459ms
500 http fetch GET 200 https://registry.npmjs.org/@prisma/engines-version/-/engines-version-5.22.0-44.605197351a3c8bdd595af2d2a9bc3025bca48ea2.tgz 449ms (cache miss)
501 timing reifyNode:node_modules/@prisma/engines-version Completed in 471ms
502 timing reifyNode:node_modules/@adraffy/ens-normalize Completed in 473ms
503 timing reifyNode:node_modules/@panva/hkdf Completed in 476ms
504 timing reifyNode:node_modules/openid-client Completed in 478ms
505 timing reifyNode:node_modules/ethers/node_modules/undici-types Completed in 480ms
506 http fetch GET 200 https://registry.npmjs.org/@prisma/debug/-/debug-5.22.0.tgz 460ms (cache miss)
507 timing reifyNode:node_modules/@prisma/debug Completed in 483ms
508 timing reifyNode:node_modules/@supabase/supabase-js Completed in 533ms
509 http fetch GET 200 https://registry.npmjs.org/@prisma/engines/-/engines-5.22.0.tgz 515ms (cache miss)
510 timing reifyNode:node_modules/@prisma/engines Completed in 538ms
511 timing reifyNode:node_modules/preact-render-to-string Completed in 540ms
512 timing reifyNode:node_modules/@supabase/functions-js Completed in 545ms
513 http fetch GET 200 https://registry.npmjs.org/fsevents/-/fsevents-2.3.3.tgz 535ms (cache miss)
514 timing reifyNode:node_modules/fsevents Completed in 557ms
515 timing reifyNode:node_modules/@supabase/postgrest-js Completed in 594ms
516 timing reifyNode:node_modules/uuid Completed in 595ms
517 timing reifyNode:node_modules/tailwind-merge Completed in 617ms
518 timing reifyNode:node_modules/@supabase/storage-js Completed in 692ms
519 timing reifyNode:node_modules/aes-js Completed in 886ms
520 http fetch GET 200 https://registry.npmjs.org/@prisma/fetch-engine/-/fetch-engine-5.22.0.tgz 868ms (cache miss)
521 timing reifyNode:node_modules/@prisma/fetch-engine Completed in 893ms
522 timing reifyNode:node_modules/@supabase/realtime-js Completed in 894ms
523 http fetch GET 200 https://registry.npmjs.org/@prisma/get-platform/-/get-platform-5.22.0.tgz 881ms (cache miss)
524 timing reifyNode:node_modules/@prisma/get-platform Completed in 902ms
525 timing reifyNode:node_modules/@noble/hashes Completed in 930ms
526 timing reifyNode:node_modules/ethers/node_modules/@types/node Completed in 949ms
527 timing reifyNode:node_modules/@babel/runtime Completed in 978ms
528 timing reifyNode:node_modules/@noble/curves Completed in 995ms
529 timing reifyNode:node_modules/preact Completed in 1003ms
530 timing reifyNode:node_modules/@supabase/auth-js Completed in 1036ms
531 timing reifyNode:node_modules/next-auth Completed in 1159ms
532 timing reifyNode:node_modules/jose Completed in 1171ms
533 http fetch GET 200 https://registry.npmjs.org/prisma/-/prisma-5.22.0.tgz 1242ms (cache miss)
534 timing reifyNode:node_modules/prisma Completed in 1265ms
535 timing reifyNode:node_modules/ethers Completed in 1673ms
536 timing reifyNode:node_modules/lucide-react Completed in 2044ms
537 http fetch GET 200 https://registry.npmjs.org/@prisma/client/-/client-5.22.0.tgz 2166ms (cache miss)
538 timing reifyNode:node_modules/@prisma/client Completed in 2189ms
539 timing reify:unpack Completed in 2191ms
540 timing reify:unretire Completed in 0ms
541 timing build:queue Completed in 11ms
542 info run prisma@5.22.0 preinstall node_modules/prisma node scripts/preinstall-entry.js
543 info run prisma@5.22.0 preinstall { code: 0, signal: null }
544 timing build:run:preinstall:node_modules/prisma Completed in 69ms
545 timing build:run:preinstall Completed in 70ms
546 timing build:link:node_modules/bcryptjs Completed in 2ms
547 timing build:link:node_modules/uuid Completed in 2ms
548 timing build:link:node_modules/prisma Completed in 2ms
549 timing build:link Completed in 2ms
550 info run @prisma/client@5.22.0 postinstall node_modules/@prisma/client node scripts/postinstall.js
551 info run @prisma/engines@5.22.0 postinstall node_modules/@prisma/engines node scripts/postinstall.js
552 info run @prisma/engines@5.22.0 postinstall { code: 0, signal: null }
553 timing build:run:postinstall:node_modules/@prisma/engines Completed in 2905ms
554 info run @prisma/client@5.22.0 postinstall { code: 0, signal: null }
555 timing build:run:postinstall:node_modules/@prisma/client Completed in 5062ms
556 timing build:run:postinstall Completed in 5062ms
557 timing build:deps Completed in 5145ms
558 timing build Completed in 5146ms
559 timing reify:build Completed in 5147ms
560 timing reify:trash Completed in 3ms
561 timing reify:save Completed in 104ms
562 timing reify Completed in 9189ms
563 silly ADD node_modules/@prisma/get-platform
564 silly ADD node_modules/@prisma/fetch-engine
565 silly ADD node_modules/@prisma/engines-version
566 silly ADD node_modules/@prisma/debug
567 silly ADD node_modules/fsevents
568 silly ADD node_modules/@prisma/engines
569 silly ADD node_modules/pretty-format
570 silly ADD node_modules/oidc-token-hash
571 silly ADD node_modules/object-hash
572 silly ADD node_modules/uuid
573 silly ADD node_modules/preact-render-to-string
574 silly ADD node_modules/preact
575 silly ADD node_modules/openid-client
576 silly ADD node_modules/openid-client/node_modules/yallist
577 silly ADD node_modules/openid-client/node_modules/lru-cache
578 silly ADD node_modules/oauth
579 silly ADD node_modules/jose
580 silly ADD node_modules/cookie
581 silly ADD node_modules/@panva/hkdf
582 silly ADD node_modules/@babel/runtime
583 silly ADD node_modules/aes-js
584 silly ADD node_modules/@noble/hashes
585 silly ADD node_modules/@noble/curves
586 silly ADD node_modules/@adraffy/ens-normalize
587 silly ADD node_modules/iceberg-js
588 silly ADD node_modules/ws
589 silly ADD node_modules/@types/ws
590 silly ADD node_modules/@types/phoenix
591 silly ADD node_modules/@supabase/storage-js
592 silly ADD node_modules/@supabase/realtime-js
593 silly ADD node_modules/@supabase/postgrest-js
594 silly ADD node_modules/@supabase/functions-js
595 silly ADD node_modules/@supabase/auth-js
596 silly ADD node_modules/tailwind-merge
597 silly ADD node_modules/prisma
598 silly ADD node_modules/next-auth
599 silly ADD node_modules/lucide-react
600 silly ADD node_modules/ethers
601 silly ADD node_modules/ethers/node_modules/undici-types
602 silly ADD node_modules/ethers/node_modules/ws
603 silly ADD node_modules/ethers/node_modules/tslib
604 silly ADD node_modules/ethers/node_modules/@types/node
605 silly ADD node_modules/clsx
606 silly ADD node_modules/bcryptjs
607 silly ADD node_modules/@supabase/supabase-js
608 silly ADD node_modules/@prisma/client
609 silly ADD
610 silly ADD
611 silly ADD
612 silly ADD
613 silly ADD
614 silly ADD
615 silly ADD
616 silly ADD
617 silly ADD
618 silly ADD
619 silly ADD
620 silly ADD
621 silly ADD
622 silly ADD
623 silly ADD
624 silly ADD
625 silly ADD
626 silly ADD
627 silly ADD
628 silly ADD
629 silly ADD
630 silly ADD
631 silly ADD
632 silly ADD
633 silly ADD
634 silly ADD
635 silly ADD
636 silly ADD
637 silly ADD
638 silly ADD
639 silly ADD
640 silly ADD
641 silly ADD
642 silly ADD
643 silly ADD
644 silly ADD
645 silly ADD
646 silly ADD
647 silly ADD
648 silly ADD
649 silly ADD
650 silly ADD
651 silly ADD
652 silly ADD
653 silly ADD
654 silly ADD
655 silly ADD
656 silly ADD
657 silly ADD
658 silly ADD
659 silly ADD
660 silly ADD
661 silly ADD
662 silly ADD
663 silly ADD
664 silly ADD
665 silly ADD
666 silly ADD
667 silly ADD
668 silly ADD
669 silly ADD
670 silly ADD
671 silly ADD
672 silly ADD
673 silly ADD
674 silly ADD
675 silly ADD
676 silly ADD
677 timing command:install Completed in 9196ms
678 verbose exit 0
679 timing npm Completed in 9332ms
680 info ok
