0 verbose cli /usr/local/bin/node /usr/local/bin/npm
1 info using npm@9.8.1
2 info using node@v18.18.2
3 timing npm:load:whichnode Completed in 0ms
4 timing config:load:defaults Completed in 1ms
5 timing config:load:file:/usr/local/lib/node_modules/npm/npmrc Completed in 1ms
6 timing config:load:builtin Completed in 1ms
7 timing config:load:cli Completed in 1ms
8 timing config:load:env Completed in 1ms
9 timing config:load:file:/Users/chengfang/Downloads/make money/shopping/.npmrc Completed in 0ms
10 timing config:load:project Completed in 1ms
11 timing config:load:file:/Users/chengfang/.npmrc Completed in 0ms
12 timing config:load:user Completed in 0ms
13 timing config:load:file:/usr/local/etc/npmrc Completed in 1ms
14 timing config:load:global Completed in 1ms
15 timing config:load:setEnvs Completed in 0ms
16 timing config:load Completed in 6ms
17 timing npm:load:configload Completed in 6ms
18 timing config:load:flatten Completed in 1ms
19 timing npm:load:mkdirpcache Completed in 0ms
20 timing npm:load:mkdirplogs Completed in 0ms
21 verbose title npm install next@14.2.16 react@18.3.1 react-dom@18.3.1 eslint-config-next@14.2.16 @types/react@18 @types/react-dom@18 typescript @types/node lucide-react prisma @prisma/client @supabase/supabase-js ethers next-auth bcryptjs clsx tailwind-merge postcss autoprefixer tailwindcss
22 verbose argv "install" "--cache" ".npm-cache" "next@14.2.16" "react@18.3.1" "react-dom@18.3.1" "eslint-config-next@14.2.16" "@types/react@18" "@types/react-dom@18" "typescript" "@types/node" "lucide-react" "prisma" "@prisma/client" "@supabase/supabase-js" "ethers" "next-auth" "bcryptjs" "clsx" "tailwind-merge" "postcss" "autoprefixer" "tailwindcss" "--save-exact"
23 timing npm:load:setTitle Completed in 6ms
24 timing npm:load:display Completed in 1ms
25 verbose logfile logs-max:10 dir:/Users/chengfang/Downloads/make money/shopping/.npm-cache/_logs/2026-01-19T22_06_42_190Z-
26 verbose logfile /Users/chengfang/Downloads/make money/shopping/.npm-cache/_logs/2026-01-19T22_06_42_190Z-debug-0.log
27 timing npm:load:logFile Completed in 4ms
28 timing npm:load:timers Completed in 0ms
29 timing npm:load:configScope Completed in 0ms
30 timing npm:load Completed in 26ms
31 timing arborist:ctor Completed in 0ms
32 timing arborist:ctor Completed in 0ms
33 timing idealTree:init Completed in 7ms
34 timing idealTree:userRequests Completed in 3ms
35 silly idealTree buildDeps
36 silly fetch manifest @prisma/client@^5.22.0
37 silly logfile done cleaning log files
38 http fetch GET 200 https://registry.npmjs.org/@prisma%2fclient 50ms (cache hit)
39 silly fetch manifest prisma@^5.22.0
40 http fetch GET 200 https://registry.npmjs.org/prisma 28ms (cache hit)
41 silly fetch manifest @supabase/supabase-js@^2.90.1
42 http fetch GET 200 https://registry.npmjs.org/@supabase%2fsupabase-js 4ms (cache hit)
43 silly fetch manifest bcryptjs@^3.0.3
44 http fetch GET 200 https://registry.npmjs.org/bcryptjs 2ms (cache hit)
45 silly fetch manifest clsx@^2.1.1
46 http fetch GET 200 https://registry.npmjs.org/clsx 2ms (cache hit)
47 silly fetch manifest ethers@^6.16.0
48 http fetch GET 200 https://registry.npmjs.org/ethers 2ms (cache hit)
49 silly fetch manifest lucide-react@^0.562.0
50 http fetch GET 200 https://registry.npmjs.org/lucide-react 3ms (cache hit)
51 silly fetch manifest react@18.3.1
52 http fetch GET 200 https://registry.npmjs.org/react 121ms (cache revalidated)
53 silly fetch manifest next@14.2.16
54 http fetch GET 200 https://registry.npmjs.org/next 71ms (cache revalidated)
55 silly fetch manifest @opentelemetry/api@^1.1.0
56 http fetch GET 200 https://registry.npmjs.org/@opentelemetry%2fapi 124ms (cache revalidated)
57 silly fetch manifest @playwright/test@^1.41.2
58 http fetch GET 200 https://registry.npmjs.org/@playwright%2ftest 96ms (cache revalidated)
59 silly fetch manifest react-dom@18.3.1
60 http fetch GET 200 https://registry.npmjs.org/react-dom 40ms (cache revalidated)
61 silly fetch manifest sass@^1.3.0
62 http fetch GET 200 https://registry.npmjs.org/sass 38ms (cache revalidated)
63 silly fetch manifest next-auth@^4.24.13
64 http fetch GET 200 https://registry.npmjs.org/next-auth 4ms (cache hit)
65 silly fetch manifest @auth/core@0.34.3
66 http fetch GET 200 https://registry.npmjs.org/@auth%2fcore 5ms (cache hit)
67 silly fetch manifest @simplewebauthn/browser@^9.0.1
68 http fetch GET 200 https://registry.npmjs.org/@simplewebauthn%2fbrowser 1ms (cache hit)
69 silly fetch manifest @simplewebauthn/server@^9.0.2
70 http fetch GET 200 https://registry.npmjs.org/@simplewebauthn%2fserver 2ms (cache hit)
71 silly fetch manifest nodemailer@^7
72 http fetch GET 200 https://registry.npmjs.org/nodemailer 5ms (cache hit)
73 silly fetch manifest tailwind-merge@^3.4.0
74 http fetch GET 200 https://registry.npmjs.org/tailwind-merge 3ms (cache hit)
75 silly fetch manifest postcss@*
76 http fetch GET 200 https://registry.npmjs.org/postcss 30ms (cache revalidated)
77 silly fetch manifest autoprefixer@*
78 http fetch GET 200 https://registry.npmjs.org/autoprefixer 46ms (cache miss)
79 silly fetch manifest @tailwindcss/postcss@^4
80 http fetch GET 200 https://registry.npmjs.org/@tailwindcss%2fpostcss 51ms (cache revalidated)
81 silly fetch manifest @types/node@^20
82 http fetch GET 200 https://registry.npmjs.org/@types%2fnode 46ms (cache revalidated)
83 silly fetch manifest @types/react@18
84 http fetch GET 200 https://registry.npmjs.org/@types%2freact 42ms (cache revalidated)
85 silly fetch manifest @types/react-dom@18
86 http fetch GET 200 https://registry.npmjs.org/@types%2freact-dom 55ms (cache revalidated)
87 silly fetch manifest eslint@^9
88 http fetch GET 200 https://registry.npmjs.org/eslint 36ms (cache revalidated)
89 silly fetch manifest jiti@*
90 http fetch GET 200 https://registry.npmjs.org/jiti 32ms (cache revalidated)
91 silly fetch manifest eslint-config-next@14.2.16
92 http fetch GET 200 https://registry.npmjs.org/eslint-config-next 91ms (cache revalidated)
93 silly fetch manifest eslint@^7.23.0 || ^8.0.0
94 timing idealTree Completed in 1612ms
95 timing command:install Completed in 1616ms
96 verbose stack Error: unable to resolve dependency tree
96 verbose stack     at #failPeerConflict (/usr/local/lib/node_modules/npm/node_modules/@npmcli/arborist/lib/arborist/build-ideal-tree.js:1376:25)
96 verbose stack     at #loadPeerSet (/usr/local/lib/node_modules/npm/node_modules/@npmcli/arborist/lib/arborist/build-ideal-tree.js:1342:33)
96 verbose stack     at async #buildDepStep (/usr/local/lib/node_modules/npm/node_modules/@npmcli/arborist/lib/arborist/build-ideal-tree.js:917:11)
96 verbose stack     at async Arborist.buildIdealTree (/usr/local/lib/node_modules/npm/node_modules/@npmcli/arborist/lib/arborist/build-ideal-tree.js:196:7)
96 verbose stack     at async Promise.all (index 1)
96 verbose stack     at async Arborist.reify (/usr/local/lib/node_modules/npm/node_modules/@npmcli/arborist/lib/arborist/reify.js:159:5)
96 verbose stack     at async Install.exec (/usr/local/lib/node_modules/npm/lib/commands/install.js:149:5)
96 verbose stack     at async module.exports (/usr/local/lib/node_modules/npm/lib/cli-entry.js:61:5)
97 verbose cwd /Users/chengfang/Downloads/make money/shopping
98 verbose Darwin 23.0.0
99 verbose node v18.18.2
100 verbose npm  v9.8.1
101 error code ERESOLVE
102 error ERESOLVE unable to resolve dependency tree
103 error
104 error While resolving: [1mshopping[22m@[1m0.1.0[22m
104 error Found: [1meslint[22m@[1m9.39.2[22m[2m[22m
104 error [2mnode_modules/eslint[22m
104 error   [33mdev[39m [1meslint[22m@"[1m^9[22m" from the root project
104 error
104 error Could not resolve dependency:
104 error [35mpeer[39m [1meslint[22m@"[1m^7.23.0 || ^8.0.0[22m" from [1meslint-config-next[22m@[1m14.2.16[22m[2m[22m
104 error [2mnode_modules/eslint-config-next[22m
104 error   [33mdev[39m [1meslint-config-next[22m@"[1m14.2.16[22m" from the root project
104 error
104 error Fix the upstream dependency conflict, or retry
104 error this command with --force or --legacy-peer-deps
104 error to accept an incorrect (and potentially broken) dependency resolution.
105 error
105 error
105 error For a full report see:
105 error /Users/chengfang/Downloads/make money/shopping/.npm-cache/_logs/2026-01-19T22_06_42_190Z-eresolve-report.txt
106 verbose exit 1
107 timing npm Completed in 1726ms
108 verbose unfinished npm timer reify 1768860402297
109 verbose unfinished npm timer reify:loadTrees 1768860402299
110 verbose unfinished npm timer idealTree:buildDeps 1768860402310
111 verbose unfinished npm timer idealTree:#root 1768860402310
112 verbose code 1
113 error A complete log of this run can be found in: /Users/chengfang/Downloads/make money/shopping/.npm-cache/_logs/2026-01-19T22_06_42_190Z-debug-0.log
